BUILD  Loading third-party pack reef_1.0.0-beta7_resource_pack...
BUILD  Loading third-party pack player_motion...
BUILD  Loading third-party pack PixelTwemojiMC-9...
BUILD  Loading third-party pack reef_1.0.0-beta7_data_pack...
BUILD  Loading third-party pack gu1.0...
WARNING  Code generation due to ast update "summit.dev:leaderboard".
WARNING  Code generation due to ast update "summit.dev:queue".
WARNING  Code generation due to ast update "summit.dev:vehicle".
WARNING  Code generation due to ast update "summit.dev:vehicle/seats".
BUILD  Loading booth files...
BUILD    Loading booth spiced...
BUILD      Loading datapack...
BUILD      Loading resource pack...
BUILD      Loading schematic...
WARN   Booth spiced registers a tick-rate function
       Function: spiced:tick
       Interval: 1t
       Action: Investigate whether you can use a slower interval
INFO   Booth command review summary
       Functions: 819
       Command Lines: 5732
       Selectors: {@a: 78, @e: 46, @n: 12}
       Data Mutations: 1750
INFO   Highest @a/@e source usage
       Functions: [spiced:ingredients/black_pepper_bag: @a=6, @e=0, spiced:tick:
@a=1, @e=4, spiced:vault_emma_npc/tick: @a=0, @e=4, spiced:vault_emma_npc/reset:
@a=0, @e=4, spiced:extras/cargo_shuffle/shuffle: @a=1, @e=3]
WARNING  `@e` has no positive `type=` filter. Entity scans must name the entity type. (selector_missing_type)
    67 |  # Reset tags, scores and storage
    68 |  tag @e remove spiced.iris.targeted_entity
       :      ^^
    69 |  tag @e remove spiced.iris.possible_target
Notes:
  - Function: spiced.iris:get_target
  - Tags, distance, and limit can narrow a scan, but they don't replace the type index.
WARNING  `@e` has no positive `type=` filter. Entity scans must name the entity type. (selector_missing_type)
    68 |  tag @e remove spiced.iris.targeted_entity
    69 |  tag @e remove spiced.iris.possible_target
       :      ^^
    70 |  kill @e[type=minecraft:marker, tag=spiced.iris.targeted_block]
Notes:
  - Function: spiced.iris:get_target
  - Tags, distance, and limit can narrow a scan, but they don't replace the type index.
WARNING  `@e` has no positive `type=` filter. Entity scans must name the entity type. (selector_missing_type)
    28 |  execute if data storage spiced.iris:output {TargetType: "ENTITY"} store result score $entity_id spiced.iris run data get storage spiced.iris:output TargetedEntity
    29 |  execute if data storage spiced.iris:output {TargetType: "ENTITY"} as @e[tag=spiced.iris.possible_target] if score @s spiced.iris.id = $entity_id spiced.iris run tag @s add spiced.iris.targeted_entity
       :                                                                       ^^^^^^^^^^^^^^^^^^^^^^^^^^^^^^^^^^^
    30 |  execute if data storage spiced.iris:output {TargetType: "ENTITY"} run tag @e remove spiced.iris.possible_target
Notes:
  - Function: spiced.iris:raycast/on_hit
  - Tags, distance, and limit can narrow a scan, but they don't replace the type index.
WARNING  `@e` has no positive `type=` filter. Entity scans must name the entity type. (selector_missing_type)
    29 |  execute if data storage spiced.iris:output {TargetType: "ENTITY"} as @e[tag=spiced.iris.possible_target] if score @s spiced.iris.id = $entity_id spiced.iris run tag @s add spiced.iris.targeted_entity
    30 |  execute if data storage spiced.iris:output {TargetType: "ENTITY"} run tag @e remove spiced.iris.possible_target
       :                                                                            ^^
Notes:
  - Function: spiced.iris:raycast/on_hit
  - Tags, distance, and limit can narrow a scan, but they don't replace the type index.
WARNING  `@e` has no positive `type=` filter. Entity scans must name the entity type. (selector_missing_type)
     8 |  execute unless data storage spiced.iris:settings {TargetEntities: true} run return fail
     9 |  execute align xyz unless entity @e[type=!#spiced.iris:ignore, tag=!spiced.iris.ignore, dx=0, dy=0, dz=0, tag=!spiced.iris.executing] run return fail
       :                                  ^^^^^^^^^^^^^^^^^^^^^^^^^^^^^^^^^^^^^^^^^^^^^^^^^^^^^^^^^^^^^^^^^^^^^^^^^^^^^^^^^^^^^^^^^^^^^^^^^^^^
    10 |  execute align xyz as @e[type=!#spiced.iris:ignore, tag=!spiced.iris.ignore, dx=0, dy=0, dz=0, tag=!spiced.iris.executing] run function spiced.iris:get_hitbox/entity
Notes:
  - Function: spiced.iris:raycast/test_for_entity
  - Tags, distance, and limit can narrow a scan, but they don't replace the type index.
WARNING  `@e` has no positive `type=` filter. Entity scans must name the entity type. (selector_missing_type)
     9 |  execute align xyz unless entity @e[type=!#spiced.iris:ignore, tag=!spiced.iris.ignore, dx=0, dy=0, dz=0, tag=!spiced.iris.executing] run return fail
    10 |  execute align xyz as @e[type=!#spiced.iris:ignore, tag=!spiced.iris.ignore, dx=0, dy=0, dz=0, tag=!spiced.iris.executing] run function spiced.iris:get_hitbox/entity
       :                       ^^^^^^^^^^^^^^^^^^^^^^^^^^^^^^^^^^^^^^^^^^^^^^^^^^^^^^^^^^^^^^^^^^^^^^^^^^^^^^^^^^^^^^^^^^^^^^^^^^^^
    11 |  return run function spiced.iris:raycast/check_intersection/loop
Notes:
  - Function: spiced.iris:raycast/test_for_entity
  - Tags, distance, and limit can narrow a scan, but they don't replace the type index.
WARNING  The same @e[type,tag,dx,dy,dz,tag] scan appears 2 times in this function. (repeated_selector)
     8 |  execute unless data storage spiced.iris:settings {TargetEntities: true} run return fail
     9 |  execute align xyz unless entity @e[type=!#spiced.iris:ignore, tag=!spiced.iris.ignore, dx=0, dy=0, dz=0, tag=!spiced.iris.executing] run return fail
       :                                  ^^^^^^^^^^^^^^^^^^^^^^^^^^^^^^^^^^^^^^^^^^^^^^^^^^^^^^^^^^^^^^^^^^^^^^^^^^^^^^^^^^^^^^^^^^^^^^^^^^^^
    10 |  execute align xyz as @e[type=!#spiced.iris:ignore, tag=!spiced.iris.ignore, dx=0, dy=0, dz=0, tag=!spiced.iris.executing] run function spiced.iris:get_hitbox/entity
Notes:
  - Function: spiced.iris:raycast/test_for_entity
  - If intervening commands do not change the result, select once and run a helper in @s context.
WARNING  `@p` sorts candidates by distance. Confirm the nearest target is actually required. (selector_distance_sort)
     2 |  
     3 |  execute if score #spiced.blue_npc.chatting spiced.dummy matches 1 as @e[type=mannequin,tag=spiced.blue_npc,limit=1] at @s run return run rotate @s facing entity @p
       :                                                                                                                                                                   ^^
Notes:
  - Function: spiced:blue_npc/tick
  - If ordering doesn't matter, add `sort=arbitrary` or use `@a[limit=1]` / `@e[type=...,tag=...,limit=1]` as appropriate.
ERROR  Expected curly '}' but got literal "('1c312a49-0377-41eb-967e-b29a...".
     3 |  $data modify storage chatter:data 1c312a49-0377-41eb-967e-b29a8311f5c0 set value {text: [], message:$(message)}
     4 |  summon text_display ~ ~ ~ { Tags:['summit.booth_entity','chatter.text_display'], UUID:uuid('1c312a49-0377-41eb-967e-b29a8311f5c0'), line_width: 120, transformation: {left_rotation:[0.0f,0.0f,0.0f,1.0f], right_rotation:[0.0f,0.0f,0.0f,1.0f], scale:[0.5f,0.5f,0.5f], translation:[0f,0f,0f]}, billboard: vertical, shadow: false, background: -2147483648, }
       :                                                                                            ^^^^^^^^^^^^^^^^^^^^^^^^^^^^^^^^^^^^^^^^^
     5 |  function spiced:blue_npc/zzz/1
Notes:
  - Function: spiced:blue_npc/zzz/0
WARNING  `@p` sorts candidates by distance. Confirm the nearest target is actually required. (selector_distance_sort)
     2 |  
     3 |  advancement grant @p only spiced:npcs/blue
       :                    ^^
     4 |  function spiced:blue_npc/reset
Notes:
  - Function: spiced:blue_npc/zzz/13
  - If ordering doesn't matter, add `sort=arbitrary` or use `@a[limit=1]` / `@e[type=...,tag=...,limit=1]` as appropriate.
WARNING  `@p` sorts candidates by distance. Confirm the nearest target is actually required. (selector_distance_sort)
     2 |  
     3 |  advancement grant @p only spiced:npcs/blue
       :                    ^^
     4 |  function spiced:blue_npc/reset
Notes:
  - Function: spiced:blue_npc/zzz/21
  - If ordering doesn't matter, add `sort=arbitrary` or use `@a[limit=1]` / `@e[type=...,tag=...,limit=1]` as appropriate.
WARNING  `@p` sorts candidates by distance. Confirm the nearest target is actually required. (selector_distance_sort)
     2 |  
     3 |  advancement grant @p only spiced:npcs/blue
       :                    ^^
     4 |  function spiced:blue_npc/reset
Notes:
  - Function: spiced:blue_npc/zzz/25
  - If ordering doesn't matter, add `sort=arbitrary` or use `@a[limit=1]` / `@e[type=...,tag=...,limit=1]` as appropriate.
WARNING  `@p` sorts candidates by distance. Confirm the nearest target is actually required. (selector_distance_sort)
     2 |  
     3 |  advancement grant @p only spiced:npcs/blue
       :                    ^^
     4 |  function spiced:blue_npc/reset
Notes:
  - Function: spiced:blue_npc/zzz/7
  - If ordering doesn't matter, add `sort=arbitrary` or use `@a[limit=1]` / `@e[type=...,tag=...,limit=1]` as appropriate.
WARNING  `@p` sorts candidates by distance. Confirm the nearest target is actually required. (selector_distance_sort)
     2 |  
     3 |  execute if score #spiced.c4t_npc.chatting spiced.dummy matches 1 as @e[type=mannequin,tag=spiced.c4t_npc,limit=1] at @s run return run rotate @s facing entity @p
       :                                                                                                                                                                 ^^
Notes:
  - Function: spiced:c4t_npc/tick
  - If ordering doesn't matter, add `sort=arbitrary` or use `@a[limit=1]` / `@e[type=...,tag=...,limit=1]` as appropriate.
ERROR  Expected curly '}' but got literal "('f4e11725-a467-4e37-bf5d-d13a...".
     3 |  $data modify storage chatter:data f4e11725-a467-4e37-bf5d-d13a1645214d set value {text: [], message:$(message)}
     4 |  summon text_display ~ ~ ~ { Tags:['summit.booth_entity','chatter.text_display'], UUID:uuid('f4e11725-a467-4e37-bf5d-d13a1645214d'), line_width: 120, transformation: {left_rotation:[0.0f,0.0f,0.0f,1.0f], right_rotation:[0.0f,0.0f,0.0f,1.0f], scale:[0.5f,0.5f,0.5f], translation:[0f,0f,0f]}, billboard: vertical, shadow: false, background: -2147483648, }
       :                                                                                            ^^^^^^^^^^^^^^^^^^^^^^^^^^^^^^^^^^^^^^^^^
     5 |  function spiced:c4t_npc/zzz/1
Notes:
  - Function: spiced:c4t_npc/zzz/0
WARNING  `@p` sorts candidates by distance. Confirm the nearest target is actually required. (selector_distance_sort)
     2 |  
     3 |  advancement grant @p only spiced:npcs/c4t
       :                    ^^
     4 |  function spiced:c4t_npc/reset
Notes:
  - Function: spiced:c4t_npc/zzz/11
  - If ordering doesn't matter, add `sort=arbitrary` or use `@a[limit=1]` / `@e[type=...,tag=...,limit=1]` as appropriate.
WARNING  `@p` sorts candidates by distance. Confirm the nearest target is actually required. (selector_distance_sort)
     2 |  
     3 |  advancement grant @p only spiced:npcs/c4t
       :                    ^^
     4 |  function spiced:c4t_npc/reset
Notes:
  - Function: spiced:c4t_npc/zzz/22
  - If ordering doesn't matter, add `sort=arbitrary` or use `@a[limit=1]` / `@e[type=...,tag=...,limit=1]` as appropriate.
WARNING  `@p` sorts candidates by distance. Confirm the nearest target is actually required. (selector_distance_sort)
     2 |  
     3 |  advancement grant @p only spiced:npcs/c4t
       :                    ^^
     4 |  function spiced:c4t_npc/reset
Notes:
  - Function: spiced:c4t_npc/zzz/31
  - If ordering doesn't matter, add `sort=arbitrary` or use `@a[limit=1]` / `@e[type=...,tag=...,limit=1]` as appropriate.
WARNING  `@p` sorts candidates by distance. Confirm the nearest target is actually required. (selector_distance_sort)
     2 |  
     3 |  advancement grant @p only spiced:npcs/c4t
       :                    ^^
     4 |  function spiced:c4t_npc/reset
Notes:
  - Function: spiced:c4t_npc/zzz/39
  - If ordering doesn't matter, add `sort=arbitrary` or use `@a[limit=1]` / `@e[type=...,tag=...,limit=1]` as appropriate.
WARNING  `@n` has no positive `type=` filter. Entity scans must name the entity type. (selector_missing_type)
     7 |  # kill book entity
     8 |  execute align xyz positioned ~0.5 ~0.5 ~0.5 run kill @n[tag=spiced.lectern_book, distance=..0.1]
       :                                                       ^^^^^^^^^^^^^^^^^^^^^^^^^^^^^^^^^^^^^^^^^^^
     9 |  
    10 |  data remove block ~ ~ ~ Book
Notes:
  - Function: spiced:cookbook/buttons/take_book/replace
  - Tags, distance, and limit can narrow a scan, but they don't replace the type index.
WARNING  `@n` sorts candidates by distance. Confirm the nearest target is actually required. (selector_distance_sort)
     7 |  # kill book entity
     8 |  execute align xyz positioned ~0.5 ~0.5 ~0.5 run kill @n[tag=spiced.lectern_book, distance=..0.1]
       :                                                       ^^^^^^^^^^^^^^^^^^^^^^^^^^^^^^^^^^^^^^^^^^^
     9 |  
    10 |  data remove block ~ ~ ~ Book
Notes:
  - Function: spiced:cookbook/buttons/take_book/replace
  - If ordering doesn't matter, add `sort=arbitrary` or use `@a[limit=1]` / `@e[type=...,tag=...,limit=1]` as appropriate.
WARNING  Particle command has no viewer selector. Add a filtered selector so it isn't sent to every nearby player. (particle_viewers)
    11 |  scoreboard players set @s spiced.cook_cooldown 30
    12 |  
    13 |  particle minecraft:poof ~ ~0.3 ~ 0.1 0.1 0.1 0 10
       :  ^^^^^^^^^^^^^^^^^^^^^^^^^^^^^^^^^^^^^^^^^^^^^^^^^
Notes:
  - Function: spiced:cooking_pot/effects/finish_cooking
WARNING  `@n` sorts candidates by distance. Confirm the nearest target is actually required. (selector_distance_sort)
    12 |  execute at @s anchored eyes positioned ^ ^ ^ store result score $distance spiced.dummy run function spiced.iris:get_target
    13 |  execute if score $distance spiced.dummy <= $max_distance spiced.dummy at @n[type=minecraft:marker, tag=spiced.iris.targeted_block] if entity @n[type=minecraft:item_display,tag=spiced.cooking_pot,distance=..0.1] run function spiced:cooking_pot/interact/store
       :                                                                           ^^^^^^^^^^^^^^^^^^^^^^^^^^^^^^^^^^^^^^^^^^^^^^^^^^^^^^^^^
Notes:
  - Function: spiced:cooking_pot/interact/main
  - If ordering doesn't matter, add `sort=arbitrary` or use `@a[limit=1]` / `@e[type=...,tag=...,limit=1]` as appropriate.
WARNING  `@n` sorts candidates by distance. Confirm the nearest target is actually required. (selector_distance_sort)
    12 |  execute at @s anchored eyes positioned ^ ^ ^ store result score $distance spiced.dummy run function spiced.iris:get_target
    13 |  execute if score $distance spiced.dummy <= $max_distance spiced.dummy at @n[type=minecraft:marker, tag=spiced.iris.targeted_block] if entity @n[type=minecraft:item_display,tag=spiced.cooking_pot,distance=..0.1] run function spiced:cooking_pot/interact/store
       :                                                                                                                                               ^^^^^^^^^^^^^^^^^^^^^^^^^^^^^^^^^^^^^^^^^^^^^^^^^^^^^^^^^^^^^^^^^^^^^
Notes:
  - Function: spiced:cooking_pot/interact/main
  - If ordering doesn't matter, add `sort=arbitrary` or use `@a[limit=1]` / `@e[type=...,tag=...,limit=1]` as appropriate.
WARNING  `@n` sorts candidates by distance. Confirm the nearest target is actually required. (selector_distance_sort)
     7 |  function gu:convert with entity @s
     8 |  execute as @n[type=minecraft:item_display,tag=spiced.cooking_pot,distance=..0.1] run function spiced:cooking_pot/interact/on_cooking_pot
       :             ^^^^^^^^^^^^^^^^^^^^^^^^^^^^^^^^^^^^^^^^^^^^^^^^^^^^^^^^^^^^^^^^^^^^^
Notes:
  - Function: spiced:cooking_pot/interact/store
  - If ordering doesn't matter, add `sort=arbitrary` or use `@a[limit=1]` / `@e[type=...,tag=...,limit=1]` as appropriate.
WARNING  Particle command has no viewer selector. Add a filtered selector so it isn't sent to every nearby player. (particle_viewers)
     5 |  #------------------------------------------------------------------------------------
     6 |  
     7 |  particle minecraft:flame ~ ~-0.35 ~ 0.18 0.05 0.18 0 1
       :  ^^^^^^^^^^^^^^^^^^^^^^^^^^^^^^^^^^^^^^^^^^^^^^^^^^^^^^
     8 |  execute if predicate {condition:"minecraft:entity_properties",entity:"this",predicate:{periodic_tick:100}} run playsound spiced:block.cooking_pot.idling block @a[tag=summit.in_booth.spiced,distance=..6] ~ ~ ~ 0.4 1
Notes:
  - Function: spiced:cooking_pot/tick
WARNING  `@p` sorts candidates by distance. Confirm the nearest target is actually required. (selector_distance_sort)
    14 |  execute if score $item_count spiced.dummy matches 1.. run return run function spiced:cutting_board/item/remove
    15 |  swing @p[tag=spiced.interact_cutting_board,distance=..20] mainhand
       :        ^^^^^^^^^^^^^^^^^^^^^^^^^^^^^^^^^^^^^^^^^^^^^^^^^^^
Notes:
  - Function: spiced:cutting_board/cut/main
  - If ordering doesn't matter, add `sort=arbitrary` or use `@a[limit=1]` / `@e[type=...,tag=...,limit=1]` as appropriate.
WARNING  `@p` sorts candidates by distance. Confirm the nearest target is actually required. (selector_distance_sort)
     8 |  
     9 |  execute if items entity @p[tag=spiced.interact_cutting_board,distance=..20] weapon.mainhand *[minecraft:custom_data~{spiced:{knife:true}}] on passengers if entity @s[type=minecraft:item_display,tag=spiced.cutting_board_item] at @s run return run function spiced:cutting_board/cut/main
       :                          ^^^^^^^^^^^^^^^^^^^^^^^^^^^^^^^^^^^^^^^^^^^^^^^^^^^
    10 |  execute if items entity @p[tag=spiced.interact_cutting_board,distance=..20] weapon.mainhand *[minecraft:custom_data~{spiced:{knife:true}}] if items entity @p[tag=spiced.interact_cutting_board,distance=..20] weapon.offhand minecraft:poisonous_potato[minecraft:custom_data~{spiced:{ingredient:{}}}] run return run function spiced:cutting_board/item/offhand
Notes:
  - Function: spiced:cutting_board/interact/on_display
  - If ordering doesn't matter, add `sort=arbitrary` or use `@a[limit=1]` / `@e[type=...,tag=...,limit=1]` as appropriate.
WARNING  `@p` sorts candidates by distance. Confirm the nearest target is actually required. (selector_distance_sort)
     9 |  execute if items entity @p[tag=spiced.interact_cutting_board,distance=..20] weapon.mainhand *[minecraft:custom_data~{spiced:{knife:true}}] on passengers if entity @s[type=minecraft:item_display,tag=spiced.cutting_board_item] at @s run return run function spiced:cutting_board/cut/main
    10 |  execute if items entity @p[tag=spiced.interact_cutting_board,distance=..20] weapon.mainhand *[minecraft:custom_data~{spiced:{knife:true}}] if items entity @p[tag=spiced.interact_cutting_board,distance=..20] weapon.offhand minecraft:poisonous_potato[minecraft:custom_data~{spiced:{ingredient:{}}}] run return run function spiced:cutting_board/item/offhand
       :                          ^^^^^^^^^^^^^^^^^^^^^^^^^^^^^^^^^^^^^^^^^^^^^^^^^^^
    11 |  execute if items entity @p[tag=spiced.interact_cutting_board,distance=..20] weapon.mainhand minecraft:poisonous_potato[minecraft:custom_data~{spiced:{ingredient:{}}}] run return run function spiced:cutting_board/item/main
Notes:
  - Function: spiced:cutting_board/interact/on_display
  - If ordering doesn't matter, add `sort=arbitrary` or use `@a[limit=1]` / `@e[type=...,tag=...,limit=1]` as appropriate.
WARNING  `@p` sorts candidates by distance. Confirm the nearest target is actually required. (selector_distance_sort)
     9 |  execute if items entity @p[tag=spiced.interact_cutting_board,distance=..20] weapon.mainhand *[minecraft:custom_data~{spiced:{knife:true}}] on passengers if entity @s[type=minecraft:item_display,tag=spiced.cutting_board_item] at @s run return run function spiced:cutting_board/cut/main
    10 |  execute if items entity @p[tag=spiced.interact_cutting_board,distance=..20] weapon.mainhand *[minecraft:custom_data~{spiced:{knife:true}}] if items entity @p[tag=spiced.interact_cutting_board,distance=..20] weapon.offhand minecraft:poisonous_potato[minecraft:custom_data~{spiced:{ingredient:{}}}] run return run function spiced:cutting_board/item/offhand
       :                                                                                                                                                             ^^^^^^^^^^^^^^^^^^^^^^^^^^^^^^^^^^^^^^^^^^^^^^^^^^^
    11 |  execute if items entity @p[tag=spiced.interact_cutting_board,distance=..20] weapon.mainhand minecraft:poisonous_potato[minecraft:custom_data~{spiced:{ingredient:{}}}] run return run function spiced:cutting_board/item/main
Notes:
  - Function: spiced:cutting_board/interact/on_display
  - If ordering doesn't matter, add `sort=arbitrary` or use `@a[limit=1]` / `@e[type=...,tag=...,limit=1]` as appropriate.
WARNING  `@p` sorts candidates by distance. Confirm the nearest target is actually required. (selector_distance_sort)
    10 |  execute if items entity @p[tag=spiced.interact_cutting_board,distance=..20] weapon.mainhand *[minecraft:custom_data~{spiced:{knife:true}}] if items entity @p[tag=spiced.interact_cutting_board,distance=..20] weapon.offhand minecraft:poisonous_potato[minecraft:custom_data~{spiced:{ingredient:{}}}] run return run function spiced:cutting_board/item/offhand
    11 |  execute if items entity @p[tag=spiced.interact_cutting_board,distance=..20] weapon.mainhand minecraft:poisonous_potato[minecraft:custom_data~{spiced:{ingredient:{}}}] run return run function spiced:cutting_board/item/main
       :                          ^^^^^^^^^^^^^^^^^^^^^^^^^^^^^^^^^^^^^^^^^^^^^^^^^^^
    12 |  execute on passengers if entity @s[type=minecraft:item_display,tag=spiced.cutting_board_item] at @s run function spiced:cutting_board/item/remove
Notes:
  - Function: spiced:cutting_board/interact/on_display
  - If ordering doesn't matter, add `sort=arbitrary` or use `@a[limit=1]` / `@e[type=...,tag=...,limit=1]` as appropriate.
WARNING  `@p` sorts candidates by distance. Confirm the nearest target is actually required. (selector_distance_sort)
     6 |  
     7 |  tag @p[tag=spiced.interact_cutting_board,distance=..20] add spiced.cutting_board_offhand
       :      ^^^^^^^^^^^^^^^^^^^^^^^^^^^^^^^^^^^^^^^^^^^^^^^^^^^
     8 |  function spiced:cutting_board/item/main
Notes:
  - Function: spiced:cutting_board/item/offhand
  - If ordering doesn't matter, add `sort=arbitrary` or use `@a[limit=1]` / `@e[type=...,tag=...,limit=1]` as appropriate.
WARNING  `@p` sorts candidates by distance. Confirm the nearest target is actually required. (selector_distance_sort)
     8 |  function spiced:cutting_board/item/main
     9 |  tag @p[tag=spiced.interact_cutting_board,distance=..20] remove spiced.cutting_board_offhand
       :      ^^^^^^^^^^^^^^^^^^^^^^^^^^^^^^^^^^^^^^^^^^^^^^^^^^^
Notes:
  - Function: spiced:cutting_board/item/offhand
  - If ordering doesn't matter, add `sort=arbitrary` or use `@a[limit=1]` / `@e[type=...,tag=...,limit=1]` as appropriate.
WARNING  `@p` sorts candidates by distance. Confirm the nearest target is actually required. (selector_distance_sort)
     7 |  data merge entity @s {transformation:{left_rotation:[0f,0.5f,0f,1f],right_rotation:[-1f,0f,0f,1f],scale:[0.55f,0.55f,0.55f],translation:[0.0f,0.12f,-0.05f]},Tags:["spiced.cutting_board_item"]}
     8 |  execute if entity @p[tag=spiced.interact_cutting_board,distance=..20,tag=spiced.cutting_board_offhand] run item replace entity @s contents from entity @p[tag=spiced.interact_cutting_board,distance=..20] weapon.offhand
       :                    ^^^^^^^^^^^^^^^^^^^^^^^^^^^^^^^^^^^^^^^^^^^^^^^^^^^^^^^^^^^^^^^^^^^^^^^^^^^^^^^^^^^^
     9 |  execute if entity @p[tag=spiced.interact_cutting_board,distance=..20,tag=!spiced.cutting_board_offhand] run item replace entity @s contents from entity @p[tag=spiced.interact_cutting_board,distance=..20] weapon.mainhand
Notes:
  - Function: spiced:cutting_board/item/place
  - If ordering doesn't matter, add `sort=arbitrary` or use `@a[limit=1]` / `@e[type=...,tag=...,limit=1]` as appropriate.
WARNING  `@p` sorts candidates by distance. Confirm the nearest target is actually required. (selector_distance_sort)
     7 |  data merge entity @s {transformation:{left_rotation:[0f,0.5f,0f,1f],right_rotation:[-1f,0f,0f,1f],scale:[0.55f,0.55f,0.55f],translation:[0.0f,0.12f,-0.05f]},Tags:["spiced.cutting_board_item"]}
     8 |  execute if entity @p[tag=spiced.interact_cutting_board,distance=..20,tag=spiced.cutting_board_offhand] run item replace entity @s contents from entity @p[tag=spiced.interact_cutting_board,distance=..20] weapon.offhand
       :                                                                                                                                                         ^^^^^^^^^^^^^^^^^^^^^^^^^^^^^^^^^^^^^^^^^^^^^^^^^^^
     9 |  execute if entity @p[tag=spiced.interact_cutting_board,distance=..20,tag=!spiced.cutting_board_offhand] run item replace entity @s contents from entity @p[tag=spiced.interact_cutting_board,distance=..20] weapon.mainhand
Notes:
  - Function: spiced:cutting_board/item/place
  - If ordering doesn't matter, add `sort=arbitrary` or use `@a[limit=1]` / `@e[type=...,tag=...,limit=1]` as appropriate.
WARNING  `@p` sorts candidates by distance. Confirm the nearest target is actually required. (selector_distance_sort)
     8 |  execute if entity @p[tag=spiced.interact_cutting_board,distance=..20,tag=spiced.cutting_board_offhand] run item replace entity @s contents from entity @p[tag=spiced.interact_cutting_board,distance=..20] weapon.offhand
     9 |  execute if entity @p[tag=spiced.interact_cutting_board,distance=..20,tag=!spiced.cutting_board_offhand] run item replace entity @s contents from entity @p[tag=spiced.interact_cutting_board,distance=..20] weapon.mainhand
       :                    ^^^^^^^^^^^^^^^^^^^^^^^^^^^^^^^^^^^^^^^^^^^^^^^^^^^^^^^^^^^^^^^^^^^^^^^^^^^^^^^^^^^^^
    10 |  execute at @s rotated as @n[type=minecraft:item_display,tag=spiced.cutting_board] run rotate @s ~ ~
Notes:
  - Function: spiced:cutting_board/item/place
  - If ordering doesn't matter, add `sort=arbitrary` or use `@a[limit=1]` / `@e[type=...,tag=...,limit=1]` as appropriate.
WARNING  `@p` sorts candidates by distance. Confirm the nearest target is actually required. (selector_distance_sort)
     8 |  execute if entity @p[tag=spiced.interact_cutting_board,distance=..20,tag=spiced.cutting_board_offhand] run item replace entity @s contents from entity @p[tag=spiced.interact_cutting_board,distance=..20] weapon.offhand
     9 |  execute if entity @p[tag=spiced.interact_cutting_board,distance=..20,tag=!spiced.cutting_board_offhand] run item replace entity @s contents from entity @p[tag=spiced.interact_cutting_board,distance=..20] weapon.mainhand
       :                                                                                                                                                          ^^^^^^^^^^^^^^^^^^^^^^^^^^^^^^^^^^^^^^^^^^^^^^^^^^^
    10 |  execute at @s rotated as @n[type=minecraft:item_display,tag=spiced.cutting_board] run rotate @s ~ ~
Notes:
  - Function: spiced:cutting_board/item/place
  - If ordering doesn't matter, add `sort=arbitrary` or use `@a[limit=1]` / `@e[type=...,tag=...,limit=1]` as appropriate.
WARNING  `@n` sorts candidates by distance. Confirm the nearest target is actually required. (selector_distance_sort)
     9 |  execute if entity @p[tag=spiced.interact_cutting_board,distance=..20,tag=!spiced.cutting_board_offhand] run item replace entity @s contents from entity @p[tag=spiced.interact_cutting_board,distance=..20] weapon.mainhand
    10 |  execute at @s rotated as @n[type=minecraft:item_display,tag=spiced.cutting_board] run rotate @s ~ ~
       :                           ^^^^^^^^^^^^^^^^^^^^^^^^^^^^^^^^^^^^^^^^^^^^^^^^^^^^^^^^
    11 |  ride @s mount @n[type=minecraft:item_display,tag=spiced.cutting_board]
Notes:
  - Function: spiced:cutting_board/item/place
  - If ordering doesn't matter, add `sort=arbitrary` or use `@a[limit=1]` / `@e[type=...,tag=...,limit=1]` as appropriate.
WARNING  `@n` sorts candidates by distance. Confirm the nearest target is actually required. (selector_distance_sort)
    10 |  execute at @s rotated as @n[type=minecraft:item_display,tag=spiced.cutting_board] run rotate @s ~ ~
    11 |  ride @s mount @n[type=minecraft:item_display,tag=spiced.cutting_board]
       :                ^^^^^^^^^^^^^^^^^^^^^^^^^^^^^^^^^^^^^^^^^^^^^^^^^^^^^^^^
    12 |  playsound minecraft:block.bamboo_wood.step block @a[tag=summit.in_booth.spiced] ~ ~ ~ 1 2
Notes:
  - Function: spiced:cutting_board/item/place
  - If ordering doesn't matter, add `sort=arbitrary` or use `@a[limit=1]` / `@e[type=...,tag=...,limit=1]` as appropriate.
WARNING  `@p` sorts candidates by distance. Confirm the nearest target is actually required. (selector_distance_sort)
    13 |  
    14 |  swing @p[tag=spiced.interact_cutting_board,distance=..20,tag=!spiced.cutting_board_offhand] mainhand
       :        ^^^^^^^^^^^^^^^^^^^^^^^^^^^^^^^^^^^^^^^^^^^^^^^^^^^^^^^^^^^^^^^^^^^^^^^^^^^^^^^^^^^^^
    15 |  swing @p[tag=spiced.interact_cutting_board,distance=..20,tag=spiced.cutting_board_offhand] offhand
Notes:
  - Function: spiced:cutting_board/item/place
  - If ordering doesn't matter, add `sort=arbitrary` or use `@a[limit=1]` / `@e[type=...,tag=...,limit=1]` as appropriate.
WARNING  `@p` sorts candidates by distance. Confirm the nearest target is actually required. (selector_distance_sort)
    14 |  swing @p[tag=spiced.interact_cutting_board,distance=..20,tag=!spiced.cutting_board_offhand] mainhand
    15 |  swing @p[tag=spiced.interact_cutting_board,distance=..20,tag=spiced.cutting_board_offhand] offhand
       :        ^^^^^^^^^^^^^^^^^^^^^^^^^^^^^^^^^^^^^^^^^^^^^^^^^^^^^^^^^^^^^^^^^^^^^^^^^^^^^^^^^^^^
Notes:
  - Function: spiced:cutting_board/item/place
  - If ordering doesn't matter, add `sort=arbitrary` or use `@a[limit=1]` / `@e[type=...,tag=...,limit=1]` as appropriate.
WARNING  `@p` sorts candidates by distance. Confirm the nearest target is actually required. (selector_distance_sort)
    16 |  
    17 |  execute if entity @p[tag=spiced.interact_cutting_board,distance=..20,tag=spiced.cutting_board_offhand] run item modify entity @p[tag=spiced.interact_cutting_board,distance=..20] weapon.offhand {"function":"minecraft:set_count","count":-1,"add":true}
       :                    ^^^^^^^^^^^^^^^^^^^^^^^^^^^^^^^^^^^^^^^^^^^^^^^^^^^^^^^^^^^^^^^^^^^^^^^^^^^^^^^^^^^^
    18 |  execute if entity @p[tag=spiced.interact_cutting_board,distance=..20,tag=!spiced.cutting_board_offhand] run item modify entity @p[tag=spiced.interact_cutting_board,distance=..20] weapon.mainhand {"function":"minecraft:set_count","count":-1,"add":true}
Notes:
  - Function: spiced:cutting_board/item/place
  - If ordering doesn't matter, add `sort=arbitrary` or use `@a[limit=1]` / `@e[type=...,tag=...,limit=1]` as appropriate.
WARNING  `@p` sorts candidates by distance. Confirm the nearest target is actually required. (selector_distance_sort)
    16 |  
    17 |  execute if entity @p[tag=spiced.interact_cutting_board,distance=..20,tag=spiced.cutting_board_offhand] run item modify entity @p[tag=spiced.interact_cutting_board,distance=..20] weapon.offhand {"function":"minecraft:set_count","count":-1,"add":true}
       :                                                                                                                                ^^^^^^^^^^^^^^^^^^^^^^^^^^^^^^^^^^^^^^^^^^^^^^^^^^^
    18 |  execute if entity @p[tag=spiced.interact_cutting_board,distance=..20,tag=!spiced.cutting_board_offhand] run item modify entity @p[tag=spiced.interact_cutting_board,distance=..20] weapon.mainhand {"function":"minecraft:set_count","count":-1,"add":true}
Notes:
  - Function: spiced:cutting_board/item/place
  - If ordering doesn't matter, add `sort=arbitrary` or use `@a[limit=1]` / `@e[type=...,tag=...,limit=1]` as appropriate.
WARNING  `@p` sorts candidates by distance. Confirm the nearest target is actually required. (selector_distance_sort)
    17 |  execute if entity @p[tag=spiced.interact_cutting_board,distance=..20,tag=spiced.cutting_board_offhand] run item modify entity @p[tag=spiced.interact_cutting_board,distance=..20] weapon.offhand {"function":"minecraft:set_count","count":-1,"add":true}
    18 |  execute if entity @p[tag=spiced.interact_cutting_board,distance=..20,tag=!spiced.cutting_board_offhand] run item modify entity @p[tag=spiced.interact_cutting_board,distance=..20] weapon.mainhand {"function":"minecraft:set_count","count":-1,"add":true}
       :                    ^^^^^^^^^^^^^^^^^^^^^^^^^^^^^^^^^^^^^^^^^^^^^^^^^^^^^^^^^^^^^^^^^^^^^^^^^^^^^^^^^^^^^
Notes:
  - Function: spiced:cutting_board/item/place
  - If ordering doesn't matter, add `sort=arbitrary` or use `@a[limit=1]` / `@e[type=...,tag=...,limit=1]` as appropriate.
WARNING  `@p` sorts candidates by distance. Confirm the nearest target is actually required. (selector_distance_sort)
    17 |  execute if entity @p[tag=spiced.interact_cutting_board,distance=..20,tag=spiced.cutting_board_offhand] run item modify entity @p[tag=spiced.interact_cutting_board,distance=..20] weapon.offhand {"function":"minecraft:set_count","count":-1,"add":true}
    18 |  execute if entity @p[tag=spiced.interact_cutting_board,distance=..20,tag=!spiced.cutting_board_offhand] run item modify entity @p[tag=spiced.interact_cutting_board,distance=..20] weapon.mainhand {"function":"minecraft:set_count","count":-1,"add":true}
       :                                                                                                                                 ^^^^^^^^^^^^^^^^^^^^^^^^^^^^^^^^^^^^^^^^^^^^^^^^^^^
Notes:
  - Function: spiced:cutting_board/item/place
  - If ordering doesn't matter, add `sort=arbitrary` or use `@a[limit=1]` / `@e[type=...,tag=...,limit=1]` as appropriate.
WARNING  `@p` sorts candidates by distance. Confirm the nearest target is actually required. (selector_distance_sort)
     6 |  
     7 |  swing @p[tag=spiced.interact_cutting_board,distance=..20] mainhand
       :        ^^^^^^^^^^^^^^^^^^^^^^^^^^^^^^^^^^^^^^^^^^^^^^^^^^^
Notes:
  - Function: spiced:cutting_board/item/remove
  - If ordering doesn't matter, add `sort=arbitrary` or use `@a[limit=1]` / `@e[type=...,tag=...,limit=1]` as appropriate.
WARNING  `@p` sorts candidates by distance. Confirm the nearest target is actually required. (selector_distance_sort)
     1 |  data modify storage spiced:temp cutting_board.loot_table set value "spiced:food/diced_bread"
     2 |  execute as @p[tag=spiced.interact_cutting_board,distance=..20] at @s run function spiced:cutting_board/recipes/give_result with storage spiced:temp cutting_board
       :             ^^^^^^^^^^^^^^^^^^^^^^^^^^^^^^^^^^^^^^^^^^^^^^^^^^^
Notes:
  - Function: spiced:cutting_board/recipes/diced_bread
  - If ordering doesn't matter, add `sort=arbitrary` or use `@a[limit=1]` / `@e[type=...,tag=...,limit=1]` as appropriate.
WARNING  `@p` sorts candidates by distance. Confirm the nearest target is actually required. (selector_distance_sort)
     1 |  data modify storage spiced:temp cutting_board.loot_table set value "spiced:food/diced_celery"
     2 |  execute as @p[tag=spiced.interact_cutting_board,distance=..20] at @s run function spiced:cutting_board/recipes/give_result with storage spiced:temp cutting_board
       :             ^^^^^^^^^^^^^^^^^^^^^^^^^^^^^^^^^^^^^^^^^^^^^^^^^^^
Notes:
  - Function: spiced:cutting_board/recipes/diced_celery
  - If ordering doesn't matter, add `sort=arbitrary` or use `@a[limit=1]` / `@e[type=...,tag=...,limit=1]` as appropriate.
WARNING  `@p` sorts candidates by distance. Confirm the nearest target is actually required. (selector_distance_sort)
     1 |  data modify storage spiced:temp cutting_board.loot_table set value "spiced:food/diced_onion"
     2 |  execute as @p[tag=spiced.interact_cutting_board,distance=..20] at @s run function spiced:cutting_board/recipes/give_result with storage spiced:temp cutting_board
       :             ^^^^^^^^^^^^^^^^^^^^^^^^^^^^^^^^^^^^^^^^^^^^^^^^^^^
Notes:
  - Function: spiced:cutting_board/recipes/diced_onion
  - If ordering doesn't matter, add `sort=arbitrary` or use `@a[limit=1]` / `@e[type=...,tag=...,limit=1]` as appropriate.
WARNING  `@p` sorts candidates by distance. Confirm the nearest target is actually required. (selector_distance_sort)
     1 |  data modify storage spiced:temp cutting_board.loot_table set value "spiced:food/sliced_bread"
     2 |  execute as @p[tag=spiced.interact_cutting_board,distance=..20] at @s run function spiced:cutting_board/recipes/give_result with storage spiced:temp cutting_board
       :             ^^^^^^^^^^^^^^^^^^^^^^^^^^^^^^^^^^^^^^^^^^^^^^^^^^^
Notes:
  - Function: spiced:cutting_board/recipes/sliced_bread
  - If ordering doesn't matter, add `sort=arbitrary` or use `@a[limit=1]` / `@e[type=...,tag=...,limit=1]` as appropriate.
WARNING  `@p` sorts candidates by distance. Confirm the nearest target is actually required. (selector_distance_sort)
     1 |  data modify storage spiced:temp cutting_board.loot_table set value "spiced:food/sliced_celery"
     2 |  execute as @p[tag=spiced.interact_cutting_board,distance=..20] at @s run function spiced:cutting_board/recipes/give_result with storage spiced:temp cutting_board
       :             ^^^^^^^^^^^^^^^^^^^^^^^^^^^^^^^^^^^^^^^^^^^^^^^^^^^
Notes:
  - Function: spiced:cutting_board/recipes/sliced_celery
  - If ordering doesn't matter, add `sort=arbitrary` or use `@a[limit=1]` / `@e[type=...,tag=...,limit=1]` as appropriate.
WARNING  `@p` sorts candidates by distance. Confirm the nearest target is actually required. (selector_distance_sort)
     1 |  data modify storage spiced:temp cutting_board.loot_table set value "spiced:food/sliced_onion"
     2 |  execute as @p[tag=spiced.interact_cutting_board,distance=..20] at @s run function spiced:cutting_board/recipes/give_result with storage spiced:temp cutting_board
       :             ^^^^^^^^^^^^^^^^^^^^^^^^^^^^^^^^^^^^^^^^^^^^^^^^^^^
Notes:
  - Function: spiced:cutting_board/recipes/sliced_onion
  - If ordering doesn't matter, add `sort=arbitrary` or use `@a[limit=1]` / `@e[type=...,tag=...,limit=1]` as appropriate.
WARNING  The same @e[type,distance,tag,tag,tag,limit,sort] scan appears 3 times in this function. (repeated_selector)
     4 |  function spiced:placements/shuffling_bags
     5 |  execute as @e[type=item_display, distance=..7, tag=summit.booth_entity.spiced, tag=spiced.cs_valid_bag, tag=!spiced.cs_filled_bag, limit=1, sort=random] run function spiced:extras/cargo_shuffle/salt
       :             ^^^^^^^^^^^^^^^^^^^^^^^^^^^^^^^^^^^^^^^^^^^^^^^^^^^^^^^^^^^^^^^^^^^^^^^^^^^^^^^^^^^^^^^^^^^^^^^^^^^^^^^^^^^^^^^^^^^^^^^^^^^^^^^^^^^^^^^^^^^^^
     6 |  execute as @e[type=item_display, distance=..7, tag=summit.booth_entity.spiced, tag=spiced.cs_valid_bag, tag=!spiced.cs_filled_bag, limit=1, sort=random] run function spiced:extras/cargo_shuffle/cinnamon
Notes:
  - Function: spiced:extras/cargo_shuffle/shuffle
  - If intervening commands do not change the result, select once and run a helper in @s context.
WARNING  The same @a[tag,distance] scan appears 6 times in this function. (repeated_selector)
     5 |  
     6 |  playsound minecraft:item.bundle.remove_one block @a[tag=summit.in_booth.spiced,distance=..15] ~ ~ ~ 2 0.7
       :                                                   ^^^^^^^^^^^^^^^^^^^^^^^^^^^^^^^^^^^^^^^^^^^^
     7 |  playsound minecraft:block.wooden_door.open block @a[tag=summit.in_booth.spiced,distance=..15] ~ ~ ~ 0.5 0.4
Notes:
  - Function: spiced:ingredients/black_pepper_bag
  - If intervening commands do not change the result, select once and run a helper in @s context.
WARNING  `@p` sorts candidates by distance. Confirm the nearest target is actually required. (selector_distance_sort)
     2 |  
     3 |  execute if score #spiced.mantis_npc.chatting spiced.dummy matches 1 as @e[type=mannequin,tag=spiced.mantis_npc,limit=1] at @s run return run rotate @s facing entity @p
       :                                                                                                                                                                       ^^
Notes:
  - Function: spiced:mantis_npc/tick
  - If ordering doesn't matter, add `sort=arbitrary` or use `@a[limit=1]` / `@e[type=...,tag=...,limit=1]` as appropriate.
ERROR  Expected curly '}' but got literal "('e73fcae3-5c03-41c8-aab8-496f...".
     3 |  $data modify storage chatter:data e73fcae3-5c03-41c8-aab8-496fe1719fe2 set value {text: [], message:$(message)}
     4 |  summon text_display ~ ~ ~ { Tags:['summit.booth_entity','chatter.text_display'], UUID:uuid('e73fcae3-5c03-41c8-aab8-496fe1719fe2'), line_width: 120, transformation: {left_rotation:[0.0f,0.0f,0.0f,1.0f], right_rotation:[0.0f,0.0f,0.0f,1.0f], scale:[0.5f,0.5f,0.5f], translation:[0f,0f,0f]}, billboard: vertical, shadow: false, background: -2147483648, }
       :                                                                                            ^^^^^^^^^^^^^^^^^^^^^^^^^^^^^^^^^^^^^^^^^
     5 |  function spiced:mantis_npc/zzz/1
Notes:
  - Function: spiced:mantis_npc/zzz/0
WARNING  `@p` sorts candidates by distance. Confirm the nearest target is actually required. (selector_distance_sort)
     2 |  
     3 |  advancement grant @p only spiced:npcs/mantis
       :                    ^^
     4 |  function spiced:mantis_npc/reset
Notes:
  - Function: spiced:mantis_npc/zzz/15
  - If ordering doesn't matter, add `sort=arbitrary` or use `@a[limit=1]` / `@e[type=...,tag=...,limit=1]` as appropriate.
WARNING  `@p` sorts candidates by distance. Confirm the nearest target is actually required. (selector_distance_sort)
     2 |  
     3 |  advancement grant @p only spiced:npcs/mantis
       :                    ^^
     4 |  function spiced:mantis_npc/reset
Notes:
  - Function: spiced:mantis_npc/zzz/21
  - If ordering doesn't matter, add `sort=arbitrary` or use `@a[limit=1]` / `@e[type=...,tag=...,limit=1]` as appropriate.
WARNING  `@p` sorts candidates by distance. Confirm the nearest target is actually required. (selector_distance_sort)
     2 |  
     3 |  advancement grant @p only spiced:npcs/mantis
       :                    ^^
     4 |  function spiced:mantis_npc/reset
Notes:
  - Function: spiced:mantis_npc/zzz/27
  - If ordering doesn't matter, add `sort=arbitrary` or use `@a[limit=1]` / `@e[type=...,tag=...,limit=1]` as appropriate.
WARNING  `@p` sorts candidates by distance. Confirm the nearest target is actually required. (selector_distance_sort)
     2 |  
     3 |  advancement grant @p only spiced:npcs/mantis
       :                    ^^
     4 |  function spiced:mantis_npc/reset
Notes:
  - Function: spiced:mantis_npc/zzz/35
  - If ordering doesn't matter, add `sort=arbitrary` or use `@a[limit=1]` / `@e[type=...,tag=...,limit=1]` as appropriate.
WARNING  `@p` sorts candidates by distance. Confirm the nearest target is actually required. (selector_distance_sort)
     2 |  
     3 |  advancement grant @p only spiced:npcs/mantis
       :                    ^^
     4 |  function spiced:mantis_npc/reset
Notes:
  - Function: spiced:mantis_npc/zzz/44
  - If ordering doesn't matter, add `sort=arbitrary` or use `@a[limit=1]` / `@e[type=...,tag=...,limit=1]` as appropriate.
WARNING  `@p` sorts candidates by distance. Confirm the nearest target is actually required. (selector_distance_sort)
     3 |  loot give @s loot thorax:items/mantis_memento
     4 |  execute as @p at @s run playsound minecraft:entity.item.pickup player @s ~ ~ ~ 0.5 1
       :             ^^
     5 |  schedule function spiced:mantis_npc/zzz/44 25t replace
Notes:
  - Function: spiced:mantis_npc/zzz/45
  - If ordering doesn't matter, add `sort=arbitrary` or use `@a[limit=1]` / `@e[type=...,tag=...,limit=1]` as appropriate.
WARNING  `@p` sorts candidates by distance. Confirm the nearest target is actually required. (selector_distance_sort)
     2 |  
     3 |  advancement grant @p only spiced:npcs/mantis
       :                    ^^
     4 |  function spiced:mantis_npc/reset
Notes:
  - Function: spiced:mantis_npc/zzz/9
  - If ordering doesn't matter, add `sort=arbitrary` or use `@a[limit=1]` / `@e[type=...,tag=...,limit=1]` as appropriate.
WARNING  `@p` sorts candidates by distance. Confirm the nearest target is actually required. (selector_distance_sort)
     9 |  
    10 |  execute if entity @p[tag=spiced.interact_mixing_bowl,predicate=spiced:sneaking,distance=..20] if score @s spiced.item_count matches 1.. run return run function spiced:mixing_bowl/item/clear
       :                    ^^^^^^^^^^^^^^^^^^^^^^^^^^^^^^^^^^^^^^^^^^^^^^^^^^^^^^^^^^^^^^^^^^^^^^^^^^^
    11 |  execute unless items entity @p[tag=spiced.interact_mixing_bowl,distance=..20] weapon.mainhand minecraft:poisonous_potato[minecraft:custom_data~{spiced:{ingredient:{}}}] if score @s spiced.item_count matches 1.. run return run function spiced:mixing_bowl/mix/main
Notes:
  - Function: spiced:mixing_bowl/interact/on_display
  - If ordering doesn't matter, add `sort=arbitrary` or use `@a[limit=1]` / `@e[type=...,tag=...,limit=1]` as appropriate.
WARNING  `@p` sorts candidates by distance. Confirm the nearest target is actually required. (selector_distance_sort)
    10 |  execute if entity @p[tag=spiced.interact_mixing_bowl,predicate=spiced:sneaking,distance=..20] if score @s spiced.item_count matches 1.. run return run function spiced:mixing_bowl/item/clear
    11 |  execute unless items entity @p[tag=spiced.interact_mixing_bowl,distance=..20] weapon.mainhand minecraft:poisonous_potato[minecraft:custom_data~{spiced:{ingredient:{}}}] if score @s spiced.item_count matches 1.. run return run function spiced:mixing_bowl/mix/main
       :                              ^^^^^^^^^^^^^^^^^^^^^^^^^^^^^^^^^^^^^^^^^^^^^^^^^
    12 |  execute if items entity @p[tag=spiced.interact_mixing_bowl,distance=..20] weapon.mainhand minecraft:poisonous_potato[minecraft:custom_data~{spiced:{ingredient:{}}}] run function spiced:mixing_bowl/item/main
Notes:
  - Function: spiced:mixing_bowl/interact/on_display
  - If ordering doesn't matter, add `sort=arbitrary` or use `@a[limit=1]` / `@e[type=...,tag=...,limit=1]` as appropriate.
WARNING  `@p` sorts candidates by distance. Confirm the nearest target is actually required. (selector_distance_sort)
    11 |  execute unless items entity @p[tag=spiced.interact_mixing_bowl,distance=..20] weapon.mainhand minecraft:poisonous_potato[minecraft:custom_data~{spiced:{ingredient:{}}}] if score @s spiced.item_count matches 1.. run return run function spiced:mixing_bowl/mix/main
    12 |  execute if items entity @p[tag=spiced.interact_mixing_bowl,distance=..20] weapon.mainhand minecraft:poisonous_potato[minecraft:custom_data~{spiced:{ingredient:{}}}] run function spiced:mixing_bowl/item/main
       :                          ^^^^^^^^^^^^^^^^^^^^^^^^^^^^^^^^^^^^^^^^^^^^^^^^^
Notes:
  - Function: spiced:mixing_bowl/interact/on_display
  - If ordering doesn't matter, add `sort=arbitrary` or use `@a[limit=1]` / `@e[type=...,tag=...,limit=1]` as appropriate.
WARNING  `@p` sorts candidates by distance. Confirm the nearest target is actually required. (selector_distance_sort)
    13 |  
    14 |  execute unless items entity @p[tag=spiced.interact_mixing_bowl,distance=..20] weapon.mainhand minecraft:glass_bottle if score @s spiced.item_count matches 1.. run return run function spiced:mixing_bowl/mix/main
       :                              ^^^^^^^^^^^^^^^^^^^^^^^^^^^^^^^^^^^^^^^^^^^^^^^^^
    15 |  execute if items entity @p[tag=spiced.interact_mixing_bowl,distance=..20] weapon.mainhand minecraft:glass_bottle run return run function spiced:mixing_bowl/item/main
Notes:
  - Function: spiced:mixing_bowl/interact/on_display
  - If ordering doesn't matter, add `sort=arbitrary` or use `@a[limit=1]` / `@e[type=...,tag=...,limit=1]` as appropriate.
WARNING  `@p` sorts candidates by distance. Confirm the nearest target is actually required. (selector_distance_sort)
    14 |  execute unless items entity @p[tag=spiced.interact_mixing_bowl,distance=..20] weapon.mainhand minecraft:glass_bottle if score @s spiced.item_count matches 1.. run return run function spiced:mixing_bowl/mix/main
    15 |  execute if items entity @p[tag=spiced.interact_mixing_bowl,distance=..20] weapon.mainhand minecraft:glass_bottle run return run function spiced:mixing_bowl/item/main
       :                          ^^^^^^^^^^^^^^^^^^^^^^^^^^^^^^^^^^^^^^^^^^^^^^^^^
Notes:
  - Function: spiced:mixing_bowl/interact/on_display
  - If ordering doesn't matter, add `sort=arbitrary` or use `@a[limit=1]` / `@e[type=...,tag=...,limit=1]` as appropriate.
WARNING  `@p` sorts candidates by distance. Confirm the nearest target is actually required. (selector_distance_sort)
     6 |  
     7 |  swing @p[tag=spiced.interact_mixing_bowl,distance=..20] mainhand
       :        ^^^^^^^^^^^^^^^^^^^^^^^^^^^^^^^^^^^^^^^^^^^^^^^^^
     8 |  execute on passengers if entity @s[type=minecraft:item_display,tag=spiced.mixing_bowl_item] run function spiced:mixing_bowl/item/remove
Notes:
  - Function: spiced:mixing_bowl/item/clear
  - If ordering doesn't matter, add `sort=arbitrary` or use `@a[limit=1]` / `@e[type=...,tag=...,limit=1]` as appropriate.
WARNING  `@p` sorts candidates by distance. Confirm the nearest target is actually required. (selector_distance_sort)
     7 |  execute if score @s spiced.item_count matches 4.. run return run function spiced:mixing_bowl/mix/main
     8 |  swing @p[tag=spiced.interact_mixing_bowl,distance=..20] mainhand
       :        ^^^^^^^^^^^^^^^^^^^^^^^^^^^^^^^^^^^^^^^^^^^^^^^^^
Notes:
  - Function: spiced:mixing_bowl/item/main
  - If ordering doesn't matter, add `sort=arbitrary` or use `@a[limit=1]` / `@e[type=...,tag=...,limit=1]` as appropriate.
WARNING  `@p` sorts candidates by distance. Confirm the nearest target is actually required. (selector_distance_sort)
    12 |  
    13 |  execute if score $hand_place spiced.dummy matches 1 run item replace entity @s contents from entity @p[tag=spiced.interact_mixing_bowl,distance=..20] weapon.mainhand
       :                                                                                                      ^^^^^^^^^^^^^^^^^^^^^^^^^^^^^^^^^^^^^^^^^^^^^^^^^
    14 |  execute if score $hand_place spiced.dummy matches 0 run data modify entity @s item set from storage spiced:temp mixing_bowl.input
Notes:
  - Function: spiced:mixing_bowl/item/place
  - If ordering doesn't matter, add `sort=arbitrary` or use `@a[limit=1]` / `@e[type=...,tag=...,limit=1]` as appropriate.
WARNING  `@n` sorts candidates by distance. Confirm the nearest target is actually required. (selector_distance_sort)
    15 |  
    16 |  execute at @s rotated as @n[type=minecraft:item_display,tag=spiced.mixing_bowl] run rotate @s ~ ~
       :                           ^^^^^^^^^^^^^^^^^^^^^^^^^^^^^^^^^^^^^^^^^^^^^^^^^^^^^^
    17 |  ride @s mount @n[type=minecraft:item_display,tag=spiced.mixing_bowl]
Notes:
  - Function: spiced:mixing_bowl/item/place
  - If ordering doesn't matter, add `sort=arbitrary` or use `@a[limit=1]` / `@e[type=...,tag=...,limit=1]` as appropriate.
WARNING  `@n` sorts candidates by distance. Confirm the nearest target is actually required. (selector_distance_sort)
    16 |  execute at @s rotated as @n[type=minecraft:item_display,tag=spiced.mixing_bowl] run rotate @s ~ ~
    17 |  ride @s mount @n[type=minecraft:item_display,tag=spiced.mixing_bowl]
       :                ^^^^^^^^^^^^^^^^^^^^^^^^^^^^^^^^^^^^^^^^^^^^^^^^^^^^^^
    18 |  playsound minecraft:block.bamboo_wood.step block @a[tag=summit.in_booth.spiced] ~ ~ ~ 1 2
Notes:
  - Function: spiced:mixing_bowl/item/place
  - If ordering doesn't matter, add `sort=arbitrary` or use `@a[limit=1]` / `@e[type=...,tag=...,limit=1]` as appropriate.
WARNING  `@p` sorts candidates by distance. Confirm the nearest target is actually required. (selector_distance_sort)
    19 |  
    20 |  execute if score $hand_place spiced.dummy matches 1 run item modify entity @p[tag=spiced.interact_mixing_bowl,distance=..20] weapon.mainhand {"function":"minecraft:set_count","count":-1,"add":true}
       :                                                                             ^^^^^^^^^^^^^^^^^^^^^^^^^^^^^^^^^^^^^^^^^^^^^^^^^
Notes:
  - Function: spiced:mixing_bowl/item/place
  - If ordering doesn't matter, add `sort=arbitrary` or use `@a[limit=1]` / `@e[type=...,tag=...,limit=1]` as appropriate.
WARNING  `@p` sorts candidates by distance. Confirm the nearest target is actually required. (selector_distance_sort)
     7 |  playsound minecraft:block.bamboo_wood.step block @a[tag=summit.in_booth.spiced] ~ ~ ~ 1 2
     8 |  execute as @p[tag=spiced.interact_mixing_bowl,distance=..20] at @s run playsound minecraft:entity.item.pickup player @s ~ ~ ~ 0.5 1
       :             ^^^^^^^^^^^^^^^^^^^^^^^^^^^^^^^^^^^^^^^^^^^^^^^^^
     9 |  execute if data entity @s item.components run function spiced:mixing_bowl/item/item_macro_components with entity @s item
Notes:
  - Function: spiced:mixing_bowl/item/remove
  - If ordering doesn't matter, add `sort=arbitrary` or use `@a[limit=1]` / `@e[type=...,tag=...,limit=1]` as appropriate.
WARNING  `@n` has no positive `type=` filter. Entity scans must name the entity type. (selector_missing_type)
     8 |  tag @s add spiced.finished_mixing_bowl
     9 |  execute on passengers if entity @s[type=minecraft:item_display,tag=spiced.mixing_bowl_item] run data modify entity @n[tag=spiced.finished_mixing_bowl] item.components."minecraft:custom_data".spiced.last_recipe append from entity @s item
       :                                                                                                                     ^^^^^^^^^^^^^^^^^^^^^^^^^^^^^^^^^^^
    10 |  tag @s remove spiced.finished_mixing_bowl
Notes:
  - Function: spiced:mixing_bowl/mix/clean_up
  - Tags, distance, and limit can narrow a scan, but they don't replace the type index.
WARNING  `@n` sorts candidates by distance. Confirm the nearest target is actually required. (selector_distance_sort)
     8 |  tag @s add spiced.finished_mixing_bowl
     9 |  execute on passengers if entity @s[type=minecraft:item_display,tag=spiced.mixing_bowl_item] run data modify entity @n[tag=spiced.finished_mixing_bowl] item.components."minecraft:custom_data".spiced.last_recipe append from entity @s item
       :                                                                                                                     ^^^^^^^^^^^^^^^^^^^^^^^^^^^^^^^^^^^
    10 |  tag @s remove spiced.finished_mixing_bowl
Notes:
  - Function: spiced:mixing_bowl/mix/clean_up
  - If ordering doesn't matter, add `sort=arbitrary` or use `@a[limit=1]` / `@e[type=...,tag=...,limit=1]` as appropriate.
WARNING  NBT mutation targets `@n` after a selector scan. Avoid this in fan-out or tick paths. (selector_data_mutation)
     8 |  tag @s add spiced.finished_mixing_bowl
     9 |  execute on passengers if entity @s[type=minecraft:item_display,tag=spiced.mixing_bowl_item] run data modify entity @n[tag=spiced.finished_mixing_bowl] item.components."minecraft:custom_data".spiced.last_recipe append from entity @s item
       :                                                                                                                     ^^^^^^^^^^^^^^^^^^^^^^^^^^^^^^^^^^^
    10 |  tag @s remove spiced.finished_mixing_bowl
Notes:
  - Function: spiced:mixing_bowl/mix/clean_up
WARNING  Particle command has no viewer selector. Add a filtered selector so it isn't sent to every nearby player. (particle_viewers)
    10 |  tag @s remove spiced.finished_mixing_bowl
    11 |  
    12 |  particle minecraft:poof ~ ~-0.3 ~ 0.1 0.1 0.1 0 4
       :  ^^^^^^^^^^^^^^^^^^^^^^^^^^^^^^^^^^^^^^^^^^^^^^^^^
    13 |  playsound entity.item.pickup block @a[tag=summit.in_booth.spiced] ~ ~ ~ 0.6 1
    14 |  execute on passengers if entity @s[type=minecraft:item_display,tag=spiced.mixing_bowl_item] run kill @s
Notes:
  - Function: spiced:mixing_bowl/mix/clean_up
WARNING  `@p` sorts candidates by distance. Confirm the nearest target is actually required. (selector_distance_sort)
     7 |  execute if entity @s[tag=spiced.mixing] run return fail
     8 |  swing @p[tag=spiced.interact_mixing_bowl,distance=..20] mainhand
       :        ^^^^^^^^^^^^^^^^^^^^^^^^^^^^^^^^^^^^^^^^^^^^^^^^^
     9 |  return run tag @s add spiced.mixing
Notes:
  - Function: spiced:mixing_bowl/mix/lock
  - If ordering doesn't matter, add `sort=arbitrary` or use `@a[limit=1]` / `@e[type=...,tag=...,limit=1]` as appropriate.
WARNING  `@p` sorts candidates by distance. Confirm the nearest target is actually required. (selector_distance_sort)
     6 |  
     7 |  function gu:convert with entity @p[tag=spiced.interact_mixing_bowl,distance=..20]
       :                                  ^^^^^^^^^^^^^^^^^^^^^^^^^^^^^^^^^^^^^^^^^^^^^^^^^
     8 |  data modify entity @s data.spiced.last_interact_uuid set from storage gu:main out
Notes:
  - Function: spiced:mixing_bowl/mix/main
  - If ordering doesn't matter, add `sort=arbitrary` or use `@a[limit=1]` / `@e[type=...,tag=...,limit=1]` as appropriate.
WARNING  `@p` sorts candidates by distance. Confirm the nearest target is actually required. (selector_distance_sort)
     3 |  
     4 |  execute if entity @p[tag=spiced.interact_mortar_and_pestle,predicate=spiced:sneaking,distance=..20] if score @s spiced.item_count matches 1.. run return run function spiced:mortar_and_pestle/item/clear
       :                    ^^^^^^^^^^^^^^^^^^^^^^^^^^^^^^^^^^^^^^^^^^^^^^^^^^^^^^^^^^^^^^^^^^^^^^^^^^^^^^^^^
     5 |  execute if entity @p[tag=spiced.interact_mortar_and_pestle,predicate=spiced:sneaking,distance=..20] if data entity @s item.components."minecraft:custom_data".spiced.last_recipe at @s run return run function spiced:mortar_and_pestle/repeat/main
Notes:
  - Function: spiced:mortar_and_pestle/interact/on_display
  - If ordering doesn't matter, add `sort=arbitrary` or use `@a[limit=1]` / `@e[type=...,tag=...,limit=1]` as appropriate.
WARNING  `@p` sorts candidates by distance. Confirm the nearest target is actually required. (selector_distance_sort)
     4 |  execute if entity @p[tag=spiced.interact_mortar_and_pestle,predicate=spiced:sneaking,distance=..20] if score @s spiced.item_count matches 1.. run return run function spiced:mortar_and_pestle/item/clear
     5 |  execute if entity @p[tag=spiced.interact_mortar_and_pestle,predicate=spiced:sneaking,distance=..20] if data entity @s item.components."minecraft:custom_data".spiced.last_recipe at @s run return run function spiced:mortar_and_pestle/repeat/main
       :                    ^^^^^^^^^^^^^^^^^^^^^^^^^^^^^^^^^^^^^^^^^^^^^^^^^^^^^^^^^^^^^^^^^^^^^^^^^^^^^^^^^
     6 |  execute unless items entity @p[tag=spiced.interact_mortar_and_pestle,distance=..20] weapon.mainhand minecraft:poisonous_potato[minecraft:custom_data~{spiced:{ingredient:{}}}] if score @s spiced.item_count matches 1.. run return run function spiced:mortar_and_pestle/mash/main
Notes:
  - Function: spiced:mortar_and_pestle/interact/on_display
  - If ordering doesn't matter, add `sort=arbitrary` or use `@a[limit=1]` / `@e[type=...,tag=...,limit=1]` as appropriate.
WARNING  `@p` sorts candidates by distance. Confirm the nearest target is actually required. (selector_distance_sort)
     5 |  execute if entity @p[tag=spiced.interact_mortar_and_pestle,predicate=spiced:sneaking,distance=..20] if data entity @s item.components."minecraft:custom_data".spiced.last_recipe at @s run return run function spiced:mortar_and_pestle/repeat/main
     6 |  execute unless items entity @p[tag=spiced.interact_mortar_and_pestle,distance=..20] weapon.mainhand minecraft:poisonous_potato[minecraft:custom_data~{spiced:{ingredient:{}}}] if score @s spiced.item_count matches 1.. run return run function spiced:mortar_and_pestle/mash/main
       :                              ^^^^^^^^^^^^^^^^^^^^^^^^^^^^^^^^^^^^^^^^^^^^^^^^^^^^^^^
     7 |  execute if items entity @p[tag=spiced.interact_mortar_and_pestle,distance=..20] weapon.mainhand minecraft:poisonous_potato[minecraft:custom_data~{spiced:{ingredient:{}}}] run return run function spiced:mortar_and_pestle/item/main
Notes:
  - Function: spiced:mortar_and_pestle/interact/on_display
  - If ordering doesn't matter, add `sort=arbitrary` or use `@a[limit=1]` / `@e[type=...,tag=...,limit=1]` as appropriate.
WARNING  `@p` sorts candidates by distance. Confirm the nearest target is actually required. (selector_distance_sort)
     6 |  execute unless items entity @p[tag=spiced.interact_mortar_and_pestle,distance=..20] weapon.mainhand minecraft:poisonous_potato[minecraft:custom_data~{spiced:{ingredient:{}}}] if score @s spiced.item_count matches 1.. run return run function spiced:mortar_and_pestle/mash/main
     7 |  execute if items entity @p[tag=spiced.interact_mortar_and_pestle,distance=..20] weapon.mainhand minecraft:poisonous_potato[minecraft:custom_data~{spiced:{ingredient:{}}}] run return run function spiced:mortar_and_pestle/item/main
       :                          ^^^^^^^^^^^^^^^^^^^^^^^^^^^^^^^^^^^^^^^^^^^^^^^^^^^^^^^
Notes:
  - Function: spiced:mortar_and_pestle/interact/on_display
  - If ordering doesn't matter, add `sort=arbitrary` or use `@a[limit=1]` / `@e[type=...,tag=...,limit=1]` as appropriate.
WARNING  `@p` sorts candidates by distance. Confirm the nearest target is actually required. (selector_distance_sort)
     1 |  swing @p[tag=spiced.interact_mortar_and_pestle,distance=..20] mainhand
       :        ^^^^^^^^^^^^^^^^^^^^^^^^^^^^^^^^^^^^^^^^^^^^^^^^^^^^^^^
     2 |  execute on passengers if entity @s[type=minecraft:item_display,tag=spiced.mortar_and_pestle_item] run function spiced:mortar_and_pestle/item/remove
Notes:
  - Function: spiced:mortar_and_pestle/item/clear
  - If ordering doesn't matter, add `sort=arbitrary` or use `@a[limit=1]` / `@e[type=...,tag=...,limit=1]` as appropriate.
WARNING  `@p` sorts candidates by distance. Confirm the nearest target is actually required. (selector_distance_sort)
     1 |  execute if score @s spiced.item_count matches 3.. run return run function spiced:mortar_and_pestle/mash/main
     2 |  swing @p[tag=spiced.interact_mortar_and_pestle,distance=..20] mainhand
       :        ^^^^^^^^^^^^^^^^^^^^^^^^^^^^^^^^^^^^^^^^^^^^^^^^^^^^^^^
Notes:
  - Function: spiced:mortar_and_pestle/item/main
  - If ordering doesn't matter, add `sort=arbitrary` or use `@a[limit=1]` / `@e[type=...,tag=...,limit=1]` as appropriate.
WARNING  `@p` sorts candidates by distance. Confirm the nearest target is actually required. (selector_distance_sort)
     6 |  
     7 |  execute if score $hand_place spiced.dummy matches 1 run item replace entity @s contents from entity @p[tag=spiced.interact_mortar_and_pestle,distance=..20] weapon.mainhand
       :                                                                                                      ^^^^^^^^^^^^^^^^^^^^^^^^^^^^^^^^^^^^^^^^^^^^^^^^^^^^^^^
     8 |  execute if score $hand_place spiced.dummy matches 0 run data modify entity @s item set from storage spiced:temp mortar_and_pestle.input
Notes:
  - Function: spiced:mortar_and_pestle/item/place
  - If ordering doesn't matter, add `sort=arbitrary` or use `@a[limit=1]` / `@e[type=...,tag=...,limit=1]` as appropriate.
WARNING  `@n` sorts candidates by distance. Confirm the nearest target is actually required. (selector_distance_sort)
     9 |  
    10 |  execute at @s rotated as @n[type=minecraft:item_display,tag=spiced.mortar_and_pestle] run rotate @s ~ ~
       :                           ^^^^^^^^^^^^^^^^^^^^^^^^^^^^^^^^^^^^^^^^^^^^^^^^^^^^^^^^^^^^
    11 |  ride @s mount @n[type=minecraft:item_display,tag=spiced.mortar_and_pestle]
Notes:
  - Function: spiced:mortar_and_pestle/item/place
  - If ordering doesn't matter, add `sort=arbitrary` or use `@a[limit=1]` / `@e[type=...,tag=...,limit=1]` as appropriate.
WARNING  `@n` sorts candidates by distance. Confirm the nearest target is actually required. (selector_distance_sort)
    10 |  execute at @s rotated as @n[type=minecraft:item_display,tag=spiced.mortar_and_pestle] run rotate @s ~ ~
    11 |  ride @s mount @n[type=minecraft:item_display,tag=spiced.mortar_and_pestle]
       :                ^^^^^^^^^^^^^^^^^^^^^^^^^^^^^^^^^^^^^^^^^^^^^^^^^^^^^^^^^^^^
    12 |  playsound minecraft:block.bamboo_wood.step block @a[tag=summit.in_booth.spiced] ~ ~ ~ 1 2
Notes:
  - Function: spiced:mortar_and_pestle/item/place
  - If ordering doesn't matter, add `sort=arbitrary` or use `@a[limit=1]` / `@e[type=...,tag=...,limit=1]` as appropriate.
WARNING  `@p` sorts candidates by distance. Confirm the nearest target is actually required. (selector_distance_sort)
    13 |  
    14 |  execute if score $hand_place spiced.dummy matches 1 run item modify entity @p[tag=spiced.interact_mortar_and_pestle,distance=..20] weapon.mainhand {"function":"minecraft:set_count","count":-1,"add":true}
       :                                                                             ^^^^^^^^^^^^^^^^^^^^^^^^^^^^^^^^^^^^^^^^^^^^^^^^^^^^^^^
Notes:
  - Function: spiced:mortar_and_pestle/item/place
  - If ordering doesn't matter, add `sort=arbitrary` or use `@a[limit=1]` / `@e[type=...,tag=...,limit=1]` as appropriate.
WARNING  `@p` sorts candidates by distance. Confirm the nearest target is actually required. (selector_distance_sort)
     1 |  playsound minecraft:block.bamboo_wood.step block @a[tag=summit.in_booth.spiced] ~ ~ ~ 1 2
     2 |  execute as @p[tag=spiced.interact_mortar_and_pestle,distance=..20] at @s run playsound minecraft:entity.item.pickup player @s ~ ~ ~ 0.5 1
       :             ^^^^^^^^^^^^^^^^^^^^^^^^^^^^^^^^^^^^^^^^^^^^^^^^^^^^^^^
     3 |  execute if data entity @s item.components run function spiced:mortar_and_pestle/item/item_macro_components with entity @s item
Notes:
  - Function: spiced:mortar_and_pestle/item/remove
  - If ordering doesn't matter, add `sort=arbitrary` or use `@a[limit=1]` / `@e[type=...,tag=...,limit=1]` as appropriate.
WARNING  `@n` has no positive `type=` filter. Entity scans must name the entity type. (selector_missing_type)
     2 |  tag @s add spiced.finished_mortar_and_pestle
     3 |  execute on passengers if entity @s[type=minecraft:item_display,tag=spiced.mortar_and_pestle_item] run data modify entity @n[tag=spiced.finished_mortar_and_pestle] item.components."minecraft:custom_data".spiced.last_recipe append from entity @s item
       :                                                                                                                           ^^^^^^^^^^^^^^^^^^^^^^^^^^^^^^^^^^^^^^^^^
     4 |  tag @s remove spiced.finished_mortar_and_pestle
Notes:
  - Function: spiced:mortar_and_pestle/mash/clean_up
  - Tags, distance, and limit can narrow a scan, but they don't replace the type index.
WARNING  `@n` sorts candidates by distance. Confirm the nearest target is actually required. (selector_distance_sort)
     2 |  tag @s add spiced.finished_mortar_and_pestle
     3 |  execute on passengers if entity @s[type=minecraft:item_display,tag=spiced.mortar_and_pestle_item] run data modify entity @n[tag=spiced.finished_mortar_and_pestle] item.components."minecraft:custom_data".spiced.last_recipe append from entity @s item
       :                                                                                                                           ^^^^^^^^^^^^^^^^^^^^^^^^^^^^^^^^^^^^^^^^^
     4 |  tag @s remove spiced.finished_mortar_and_pestle
Notes:
  - Function: spiced:mortar_and_pestle/mash/clean_up
  - If ordering doesn't matter, add `sort=arbitrary` or use `@a[limit=1]` / `@e[type=...,tag=...,limit=1]` as appropriate.
WARNING  NBT mutation targets `@n` after a selector scan. Avoid this in fan-out or tick paths. (selector_data_mutation)
     2 |  tag @s add spiced.finished_mortar_and_pestle
     3 |  execute on passengers if entity @s[type=minecraft:item_display,tag=spiced.mortar_and_pestle_item] run data modify entity @n[tag=spiced.finished_mortar_and_pestle] item.components."minecraft:custom_data".spiced.last_recipe append from entity @s item
       :                                                                                                                           ^^^^^^^^^^^^^^^^^^^^^^^^^^^^^^^^^^^^^^^^^
     4 |  tag @s remove spiced.finished_mortar_and_pestle
Notes:
  - Function: spiced:mortar_and_pestle/mash/clean_up
WARNING  Particle command has no viewer selector. Add a filtered selector so it isn't sent to every nearby player. (particle_viewers)
     4 |  tag @s remove spiced.finished_mortar_and_pestle
     5 |  
     6 |  particle minecraft:poof ~ ~-0.3 ~ 0.1 0.1 0.1 0 4
       :  ^^^^^^^^^^^^^^^^^^^^^^^^^^^^^^^^^^^^^^^^^^^^^^^^^
     7 |  playsound entity.item.pickup block @a[tag=summit.in_booth.spiced] ~ ~ ~ 0.6 1
     8 |  execute on passengers if entity @s[type=minecraft:item_display,tag=spiced.mortar_and_pestle_item] run kill @s
Notes:
  - Function: spiced:mortar_and_pestle/mash/clean_up
WARNING  `@p` sorts candidates by distance. Confirm the nearest target is actually required. (selector_distance_sort)
     1 |  execute if entity @s[tag=spiced.mashing] run return fail
     2 |  swing @p[tag=spiced.interact_mortar_and_pestle,distance=..20] mainhand
       :        ^^^^^^^^^^^^^^^^^^^^^^^^^^^^^^^^^^^^^^^^^^^^^^^^^^^^^^^
     3 |  return run tag @s add spiced.mashing
Notes:
  - Function: spiced:mortar_and_pestle/mash/lock
  - If ordering doesn't matter, add `sort=arbitrary` or use `@a[limit=1]` / `@e[type=...,tag=...,limit=1]` as appropriate.
WARNING  `@p` sorts candidates by distance. Confirm the nearest target is actually required. (selector_distance_sort)
     1 |  function gu:convert with entity @p[tag=spiced.interact_mortar_and_pestle,distance=..20]
       :                                  ^^^^^^^^^^^^^^^^^^^^^^^^^^^^^^^^^^^^^^^^^^^^^^^^^^^^^^^
     2 |  data modify entity @s data.spiced.last_interact_uuid set from storage gu:main out
Notes:
  - Function: spiced:mortar_and_pestle/mash/main
  - If ordering doesn't matter, add `sort=arbitrary` or use `@a[limit=1]` / `@e[type=...,tag=...,limit=1]` as appropriate.
WARNING  `@p` sorts candidates by distance. Confirm the nearest target is actually required. (selector_distance_sort)
     2 |  
     3 |  execute if score #spiced.pan_womsacz_npc.chatting spiced.dummy matches 1 as @e[type=mannequin,tag=spiced.pan_womsacz_npc,limit=1] at @s run return run rotate @s facing entity @p
       :                                                                                                                                                                                 ^^
Notes:
  - Function: spiced:pan_womsacz_npc/tick
  - If ordering doesn't matter, add `sort=arbitrary` or use `@a[limit=1]` / `@e[type=...,tag=...,limit=1]` as appropriate.
ERROR  Expected curly '}' but got literal "('e0fcef5a-63bd-45ce-bba5-4283...".
     3 |  $data modify storage chatter:data e0fcef5a-63bd-45ce-bba5-4283f1fc432b set value {text: [], message:$(message)}
     4 |  summon text_display ~ ~ ~ { Tags:['summit.booth_entity','chatter.text_display'], UUID:uuid('e0fcef5a-63bd-45ce-bba5-4283f1fc432b'), line_width: 120, transformation: {left_rotation:[0.0f,0.0f,0.0f,1.0f], right_rotation:[0.0f,0.0f,0.0f,1.0f], scale:[0.5f,0.5f,0.5f], translation:[0f,0f,0f]}, billboard: vertical, shadow: false, background: -2147483648, }
       :                                                                                            ^^^^^^^^^^^^^^^^^^^^^^^^^^^^^^^^^^^^^^^^^
     5 |  function spiced:pan_womsacz_npc/zzz/1
Notes:
  - Function: spiced:pan_womsacz_npc/zzz/0
WARNING  `@p` sorts candidates by distance. Confirm the nearest target is actually required. (selector_distance_sort)
     2 |  
     3 |  advancement grant @p only spiced:npcs/pan
       :                    ^^
     4 |  function spiced:pan_womsacz_npc/reset
Notes:
  - Function: spiced:pan_womsacz_npc/zzz/12
  - If ordering doesn't matter, add `sort=arbitrary` or use `@a[limit=1]` / `@e[type=...,tag=...,limit=1]` as appropriate.
WARNING  `@p` sorts candidates by distance. Confirm the nearest target is actually required. (selector_distance_sort)
     2 |  
     3 |  advancement grant @p only spiced:npcs/pan
       :                    ^^
     4 |  function spiced:pan_womsacz_npc/reset
Notes:
  - Function: spiced:pan_womsacz_npc/zzz/24
  - If ordering doesn't matter, add `sort=arbitrary` or use `@a[limit=1]` / `@e[type=...,tag=...,limit=1]` as appropriate.
WARNING  `@p` sorts candidates by distance. Confirm the nearest target is actually required. (selector_distance_sort)
     2 |  
     3 |  loot give @p loot spiced:other/rammy
       :            ^^
     4 |  execute as @p at @s run playsound minecraft:entity.item.pickup player @s ~ ~ ~ 0.5 1
Notes:
  - Function: spiced:pan_womsacz_npc/zzz/25
  - If ordering doesn't matter, add `sort=arbitrary` or use `@a[limit=1]` / `@e[type=...,tag=...,limit=1]` as appropriate.
WARNING  `@p` sorts candidates by distance. Confirm the nearest target is actually required. (selector_distance_sort)
     3 |  loot give @p loot spiced:other/rammy
     4 |  execute as @p at @s run playsound minecraft:entity.item.pickup player @s ~ ~ ~ 0.5 1
       :             ^^
     5 |  schedule function spiced:pan_womsacz_npc/zzz/24 80t replace
Notes:
  - Function: spiced:pan_womsacz_npc/zzz/25
  - If ordering doesn't matter, add `sort=arbitrary` or use `@a[limit=1]` / `@e[type=...,tag=...,limit=1]` as appropriate.
ERROR  Invalid escape sequence \".
     2 |  
     3 |  function spiced:pan_womsacz_npc/says {message:[{text:'\"Who', color: '#e4741d'}, ' is', ' Rammy?\"', ' you', ' ask.']}
       :                                                        ^^
     4 |  schedule function spiced:pan_womsacz_npc/zzz/27 60t replace
Notes:
  - Function: spiced:pan_womsacz_npc/zzz/28
WARNING  `@p` sorts candidates by distance. Confirm the nearest target is actually required. (selector_distance_sort)
     2 |  
     3 |  advancement grant @p only spiced:npcs/pan
       :                    ^^
     4 |  function spiced:pan_womsacz_npc/reset
Notes:
  - Function: spiced:pan_womsacz_npc/zzz/32
  - If ordering doesn't matter, add `sort=arbitrary` or use `@a[limit=1]` / `@e[type=...,tag=...,limit=1]` as appropriate.
WARNING  `@p` sorts candidates by distance. Confirm the nearest target is actually required. (selector_distance_sort)
     2 |  
     3 |  advancement grant @p only spiced:npcs/pan
       :                    ^^
     4 |  function spiced:pan_womsacz_npc/reset
Notes:
  - Function: spiced:pan_womsacz_npc/zzz/40
  - If ordering doesn't matter, add `sort=arbitrary` or use `@a[limit=1]` / `@e[type=...,tag=...,limit=1]` as appropriate.
WARNING  `@p` sorts candidates by distance. Confirm the nearest target is actually required. (selector_distance_sort)
     2 |  
     3 |  advancement grant @p only spiced:npcs/pan
       :                    ^^
     4 |  function spiced:pan_womsacz_npc/reset
Notes:
  - Function: spiced:pan_womsacz_npc/zzz/48
  - If ordering doesn't matter, add `sort=arbitrary` or use `@a[limit=1]` / `@e[type=...,tag=...,limit=1]` as appropriate.
WARNING  `@p` sorts candidates by distance. Confirm the nearest target is actually required. (selector_distance_sort)
     2 |  
     3 |  advancement grant @p only spiced:npcs/pan
       :                    ^^
     4 |  function spiced:pan_womsacz_npc/reset
Notes:
  - Function: spiced:pan_womsacz_npc/zzz/55
  - If ordering doesn't matter, add `sort=arbitrary` or use `@a[limit=1]` / `@e[type=...,tag=...,limit=1]` as appropriate.
WARNING  `@p` sorts candidates by distance. Confirm the nearest target is actually required. (selector_distance_sort)
     2 |  
     3 |  advancement grant @p only spiced:npcs/pan
       :                    ^^
     4 |  function spiced:pan_womsacz_npc/reset
Notes:
  - Function: spiced:pan_womsacz_npc/zzz/63
  - If ordering doesn't matter, add `sort=arbitrary` or use `@a[limit=1]` / `@e[type=...,tag=...,limit=1]` as appropriate.
WARNING  `@p` sorts candidates by distance. Confirm the nearest target is actually required. (selector_distance_sort)
     2 |  
     3 |  advancement grant @p only spiced:npcs/pan
       :                    ^^
     4 |  function spiced:pan_womsacz_npc/reset
Notes:
  - Function: spiced:pan_womsacz_npc/zzz/70
  - If ordering doesn't matter, add `sort=arbitrary` or use `@a[limit=1]` / `@e[type=...,tag=...,limit=1]` as appropriate.
WARNING  `@p` sorts candidates by distance. Confirm the nearest target is actually required. (selector_distance_sort)
     2 |  
     3 |  execute if score #spiced.stateus_npc.chatting spiced.dummy matches 1 as @e[type=mannequin,tag=spiced.stateus_npc,limit=1] at @s run return run rotate @s facing entity @p
       :                                                                                                                                                                         ^^
Notes:
  - Function: spiced:stateus_npc/tick
  - If ordering doesn't matter, add `sort=arbitrary` or use `@a[limit=1]` / `@e[type=...,tag=...,limit=1]` as appropriate.
ERROR  Expected curly '}' but got literal "('b57a3c1f-68da-441b-9361-f092...".
     3 |  $data modify storage chatter:data b57a3c1f-68da-441b-9361-f092d6630b55 set value {text: [], message:$(message)}
     4 |  summon text_display ~ ~ ~ { Tags:['summit.booth_entity','chatter.text_display'], UUID:uuid('b57a3c1f-68da-441b-9361-f092d6630b55'), line_width: 120, transformation: {left_rotation:[0.0f,0.0f,0.0f,1.0f], right_rotation:[0.0f,0.0f,0.0f,1.0f], scale:[0.5f,0.5f,0.5f], translation:[0f,0f,0f]}, billboard: vertical, shadow: false, background: -2147483648, }
       :                                                                                            ^^^^^^^^^^^^^^^^^^^^^^^^^^^^^^^^^^^^^^^^^
     5 |  function spiced:stateus_npc/zzz/1
Notes:
  - Function: spiced:stateus_npc/zzz/0
WARNING  `@p` sorts candidates by distance. Confirm the nearest target is actually required. (selector_distance_sort)
     2 |  
     3 |  advancement grant @p only spiced:npcs/stateus
       :                    ^^
     4 |  function spiced:stateus_npc/reset
Notes:
  - Function: spiced:stateus_npc/zzz/103
  - If ordering doesn't matter, add `sort=arbitrary` or use `@a[limit=1]` / `@e[type=...,tag=...,limit=1]` as appropriate.
WARNING  `@p` sorts candidates by distance. Confirm the nearest target is actually required. (selector_distance_sort)
     2 |  
     3 |  advancement grant @p only spiced:npcs/stateus
       :                    ^^
     4 |  function spiced:stateus_npc/reset
Notes:
  - Function: spiced:stateus_npc/zzz/116
  - If ordering doesn't matter, add `sort=arbitrary` or use `@a[limit=1]` / `@e[type=...,tag=...,limit=1]` as appropriate.
WARNING  `@p` sorts candidates by distance. Confirm the nearest target is actually required. (selector_distance_sort)
     2 |  
     3 |  advancement grant @p only spiced:npcs/stateus
       :                    ^^
     4 |  function spiced:stateus_npc/reset
Notes:
  - Function: spiced:stateus_npc/zzz/125
  - If ordering doesn't matter, add `sort=arbitrary` or use `@a[limit=1]` / `@e[type=...,tag=...,limit=1]` as appropriate.
WARNING  `@p` sorts candidates by distance. Confirm the nearest target is actually required. (selector_distance_sort)
     2 |  
     3 |  advancement grant @p only spiced:npcs/stateus
       :                    ^^
     4 |  function spiced:stateus_npc/reset
Notes:
  - Function: spiced:stateus_npc/zzz/16
  - If ordering doesn't matter, add `sort=arbitrary` or use `@a[limit=1]` / `@e[type=...,tag=...,limit=1]` as appropriate.
WARNING  `@p` sorts candidates by distance. Confirm the nearest target is actually required. (selector_distance_sort)
     2 |  
     3 |  advancement grant @p only spiced:npcs/stateus
       :                    ^^
     4 |  function spiced:stateus_npc/reset
Notes:
  - Function: spiced:stateus_npc/zzz/30
  - If ordering doesn't matter, add `sort=arbitrary` or use `@a[limit=1]` / `@e[type=...,tag=...,limit=1]` as appropriate.
WARNING  `@p` sorts candidates by distance. Confirm the nearest target is actually required. (selector_distance_sort)
     2 |  
     3 |  advancement grant @p only spiced:npcs/stateus
       :                    ^^
     4 |  function spiced:stateus_npc/reset
Notes:
  - Function: spiced:stateus_npc/zzz/37
  - If ordering doesn't matter, add `sort=arbitrary` or use `@a[limit=1]` / `@e[type=...,tag=...,limit=1]` as appropriate.
WARNING  `@p` sorts candidates by distance. Confirm the nearest target is actually required. (selector_distance_sort)
     2 |  
     3 |  advancement grant @p only spiced:npcs/stateus
       :                    ^^
     4 |  function spiced:stateus_npc/reset
Notes:
  - Function: spiced:stateus_npc/zzz/48
  - If ordering doesn't matter, add `sort=arbitrary` or use `@a[limit=1]` / `@e[type=...,tag=...,limit=1]` as appropriate.
ERROR  Invalid escape sequence \".
     2 |  
     3 |  function spiced:stateus_npc/says {message:[{text:'So', color: '#3a552c'}, ' I', ' was', ' like,', ' \"wanna', ' work', ' together?\"']}
       :                                                                                                      ^^
     4 |  schedule function spiced:stateus_npc/zzz/51 80t replace
Notes:
  - Function: spiced:stateus_npc/zzz/52
WARNING  `@p` sorts candidates by distance. Confirm the nearest target is actually required. (selector_distance_sort)
     2 |  
     3 |  advancement grant @p only spiced:npcs/stateus
       :                    ^^
     4 |  function spiced:stateus_npc/reset
Notes:
  - Function: spiced:stateus_npc/zzz/62
  - If ordering doesn't matter, add `sort=arbitrary` or use `@a[limit=1]` / `@e[type=...,tag=...,limit=1]` as appropriate.
WARNING  `@p` sorts candidates by distance. Confirm the nearest target is actually required. (selector_distance_sort)
     2 |  
     3 |  advancement grant @p only spiced:npcs/stateus
       :                    ^^
     4 |  function spiced:stateus_npc/reset
Notes:
  - Function: spiced:stateus_npc/zzz/71
  - If ordering doesn't matter, add `sort=arbitrary` or use `@a[limit=1]` / `@e[type=...,tag=...,limit=1]` as appropriate.
WARNING  `@p` sorts candidates by distance. Confirm the nearest target is actually required. (selector_distance_sort)
     2 |  
     3 |  advancement grant @p only spiced:npcs/stateus
       :                    ^^
     4 |  function spiced:stateus_npc/reset
Notes:
  - Function: spiced:stateus_npc/zzz/82
  - If ordering doesn't matter, add `sort=arbitrary` or use `@a[limit=1]` / `@e[type=...,tag=...,limit=1]` as appropriate.
WARNING  `@p` sorts candidates by distance. Confirm the nearest target is actually required. (selector_distance_sort)
     2 |  
     3 |  advancement grant @p only spiced:npcs/stateus
       :                    ^^
     4 |  function spiced:stateus_npc/reset
Notes:
  - Function: spiced:stateus_npc/zzz/93
  - If ordering doesn't matter, add `sort=arbitrary` or use `@a[limit=1]` / `@e[type=...,tag=...,limit=1]` as appropriate.
WARNING  `@e` has no positive `type=` filter. Entity scans must name the entity type. (selector_missing_type)
     1 |  execute as @e[tag=summit.booth_entity.spiced] on passengers run kill @s
       :             ^^^^^^^^^^^^^^^^^^^^^^^^^^^^^^^^^^
     2 |  kill @e[tag=summit.booth_entity.spiced]
Notes:
  - Function: spiced:teardown
  - Tags, distance, and limit can narrow a scan, but they don't replace the type index.
WARNING  `@e` has no positive `type=` filter. Entity scans must name the entity type. (selector_missing_type)
     1 |  execute as @e[tag=summit.booth_entity.spiced] on passengers run kill @s
     2 |  kill @e[tag=summit.booth_entity.spiced]
       :       ^^^^^^^^^^^^^^^^^^^^^^^^^^^^^^^^^^
     3 |  fill 220 66 189 220 66 190 air
Notes:
  - Function: spiced:teardown
  - Tags, distance, and limit can narrow a scan, but they don't replace the type index.
ERROR  Expected curly '}' but got literal "('e2e84d58-29e9-48e3-8998-f6ed...".
     3 |  $data modify storage chatter:data e2e84d58-29e9-48e3-8998-f6edb7f44062 set value {text: [], message:$(message)}
     4 |  summon text_display ~ ~ ~ { Tags:['summit.booth_entity','chatter.text_display'], UUID:uuid('e2e84d58-29e9-48e3-8998-f6edb7f44062'), line_width: 120, transformation: {left_rotation:[0.0f,0.0f,0.0f,1.0f], right_rotation:[0.0f,0.0f,0.0f,1.0f], scale:[0.5f,0.5f,0.5f], translation:[0f,0f,0f]}, billboard: vertical, shadow: false, background: -2147483648, }
       :                                                                                            ^^^^^^^^^^^^^^^^^^^^^^^^^^^^^^^^^^^^^^^^^
     5 |  function spiced:vault_emma_npc/emma/zzz/1
Notes:
  - Function: spiced:vault_emma_npc/emma/zzz/0
WARNING  The same @e[type,tag,limit] scan appears 2 times in this function. (repeated_selector)
     2 |  
     3 |  execute as @e[type=mannequin,tag=spiced.emma_npc,limit=1] at @s run rotate @s 80 0
       :             ^^^^^^^^^^^^^^^^^^^^^^^^^^^^^^^^^^^^^^^^^^^^^^
     4 |  execute as @e[type=mannequin,tag=spiced.emma_npc,limit=1] run data modify entity @s Rotation set value [80f, 0f]
Notes:
  - Function: spiced:vault_emma_npc/reset
  - If intervening commands do not change the result, select once and run a helper in @s context.
WARNING  The same @e[type,tag,limit] scan appears 2 times in this function. (repeated_selector)
     4 |  execute as @e[type=mannequin,tag=spiced.emma_npc,limit=1] run data modify entity @s Rotation set value [80f, 0f]
     5 |  execute as @e[type=mannequin,tag=spiced.vault_npc,limit=1] at @s run rotate @s 90 0
       :             ^^^^^^^^^^^^^^^^^^^^^^^^^^^^^^^^^^^^^^^^^^^^^^^
     6 |  execute as @e[type=mannequin,tag=spiced.vault_npc,limit=1] run data modify entity @s Rotation set value [90f, 0f]
Notes:
  - Function: spiced:vault_emma_npc/reset
  - If intervening commands do not change the result, select once and run a helper in @s context.
WARNING  `@p` sorts candidates by distance. Confirm the nearest target is actually required. (selector_distance_sort)
     2 |  
     3 |  execute if score #spiced.vault_emma_npc.chatting spiced.dummy matches 1 as @e[type=mannequin,tag=spiced.vault_npc,limit=1] at @s run rotate @s facing entity @p
       :                                                                                                                                                               ^^
     4 |  execute if score #spiced.vault_emma_npc.chatting spiced.dummy matches 1 if score #spiced.vault_emma_npc.emma_turn spiced.dummy matches 1 as @e[type=mannequin,tag=spiced.emma_npc,limit=1] at @s run return run rotate @s facing entity @e[type=mannequin,tag=spiced.vault_npc,limit=1,distance=..5]
     5 |  execute if score #spiced.vault_emma_npc.chatting spiced.dummy matches 1 as @e[type=mannequin,tag=spiced.emma_npc,limit=1] at @s run return run rotate @s facing entity @p
Notes:
  - Function: spiced:vault_emma_npc/tick
  - If ordering doesn't matter, add `sort=arbitrary` or use `@a[limit=1]` / `@e[type=...,tag=...,limit=1]` as appropriate.
WARNING  `@p` sorts candidates by distance. Confirm the nearest target is actually required. (selector_distance_sort)
     4 |  execute if score #spiced.vault_emma_npc.chatting spiced.dummy matches 1 if score #spiced.vault_emma_npc.emma_turn spiced.dummy matches 1 as @e[type=mannequin,tag=spiced.emma_npc,limit=1] at @s run return run rotate @s facing entity @e[type=mannequin,tag=spiced.vault_npc,limit=1,distance=..5]
     5 |  execute if score #spiced.vault_emma_npc.chatting spiced.dummy matches 1 as @e[type=mannequin,tag=spiced.emma_npc,limit=1] at @s run return run rotate @s facing entity @p
       :                                                                                                                                                                         ^^
Notes:
  - Function: spiced:vault_emma_npc/tick
  - If ordering doesn't matter, add `sort=arbitrary` or use `@a[limit=1]` / `@e[type=...,tag=...,limit=1]` as appropriate.
ERROR  Expected curly '}' but got literal "('e2e84d58-29e9-48e3-8998-f6ed...".
     3 |  $data modify storage chatter:data e2e84d58-29e9-48e3-8998-f6edb7f44062 set value {text: [], message:$(message)}
     4 |  summon text_display ~ ~ ~ { Tags:['summit.booth_entity','chatter.text_display'], UUID:uuid('e2e84d58-29e9-48e3-8998-f6edb7f44062'), line_width: 120, transformation: {left_rotation:[0.0f,0.0f,0.0f,1.0f], right_rotation:[0.0f,0.0f,0.0f,1.0f], scale:[0.5f,0.5f,0.5f], translation:[0f,0f,0f]}, billboard: vertical, shadow: false, background: -2147483648, }
       :                                                                                            ^^^^^^^^^^^^^^^^^^^^^^^^^^^^^^^^^^^^^^^^^
     5 |  function spiced:vault_emma_npc/vault/zzz/1
Notes:
  - Function: spiced:vault_emma_npc/vault/zzz/0
WARNING  `@p` sorts candidates by distance. Confirm the nearest target is actually required. (selector_distance_sort)
     2 |  
     3 |  advancement grant @p only spiced:npcs/vault_emma
       :                    ^^
     4 |  function spiced:vault_emma_npc/reset
Notes:
  - Function: spiced:vault_emma_npc/zzz/8
  - If ordering doesn't matter, add `sort=arbitrary` or use `@a[limit=1]` / `@e[type=...,tag=...,limit=1]` as appropriate.
WARNING  @p sorts candidates by distance. Confirm the nearest target is actually required. If ordering does not matter, add sort=arbitrary or use @a[limit=1] / @e[type=...,tag=...,limit=1] as appropriate. (selector_distance_sort)
     6 |  
     7 |  $execute store result score $item_count spiced.dummy run clear @p[tag=spiced.interact_mortar_and_pestle,distance=..20] $(id) 0
       :                                                                 ^^^^^^^^^^^^^^^^^^^^^^^^^^^^^^^^^^^^^^^^^^^^^^^^^^^^^^^
     8 |  execute if score $count spiced.dummy > $item_count spiced.dummy run scoreboard players set $items_found spiced.dummy 0
Notes:
  - Function: spiced:mortar_and_pestle/repeat/check/macro_no_component
WARNING  Particle command has no viewer selector. Add a filtered selector so it is not sent to every nearby player. (particle_viewers)
     5 |  #------------------------------------------------------------------------------------
     6 |  
     7 |  $particle minecraft:item{item:{id:"$(id)",components:$(components)}} ~ ~0.2 ~ 0.1 0.1 0.1 0.05 5 normal
       :  ^^^^^^^^^
Notes:
  - Function: spiced:cutting_board/cut/particle
WARNING  @p sorts candidates by distance. Confirm the nearest target is actually required. If ordering does not matter, add sort=arbitrary or use @a[limit=1] / @e[type=...,tag=...,limit=1] as appropriate. (selector_distance_sort)
     6 |  
     7 |  $loot give @p[tag=spiced.interact_mixing_bowl,distance=..20] loot {\
       :             ^^^^^^^^^^^^^^^^^^^^^^^^^^^^^^^^^^^^^^^^^^^^^^^^^
     8 |    "pools": [\
Notes:
  - Function: spiced:mixing_bowl/item/item_macro
WARNING  Particle command has no viewer selector. Add a filtered selector so it is not sent to every nearby player. (particle_viewers)
     5 |  #------------------------------------------------------------------------------------
     6 |  
     7 |  $particle minecraft:item{item:{id:"$(id)","components":$(components)}} ~ ~-0.3 ~ 0.12 0.1 0.12 0.02 1 force
       :  ^^^^^^^^^
Notes:
  - Function: spiced:mixing_bowl/mix/particle
WARNING  Forced particles ignore players particle settings. Use normal unless this effect must always be visible. (particle_force)
     5 |  #------------------------------------------------------------------------------------
     6 |  
     7 |  $particle minecraft:item{item:{id:"$(id)","components":$(components)}} ~ ~-0.3 ~ 0.12 0.1 0.12 0.02 1 force
       :  ^^^^^^^^^
Notes:
  - Function: spiced:mixing_bowl/mix/particle
WARNING  Particle command has no viewer selector. Add a filtered selector so it is not sent to every nearby player. (particle_viewers)
     1 |  $particle minecraft:item{item:{id:"$(id)","components":$(components)}} ~ ~-0.3 ~ 0.12 0.1 0.12 0.02 1 force
       :  ^^^^^^^^^
Notes:
  - Function: spiced:mortar_and_pestle/mash/particle
WARNING  Forced particles ignore players particle settings. Use normal unless this effect must always be visible. (particle_force)
     1 |  $particle minecraft:item{item:{id:"$(id)","components":$(components)}} ~ ~-0.3 ~ 0.12 0.1 0.12 0.02 1 force
       :  ^^^^^^^^^
Notes:
  - Function: spiced:mortar_and_pestle/mash/particle
WARNING  @p sorts candidates by distance. Confirm the nearest target is actually required. If ordering does not matter, add sort=arbitrary or use @a[limit=1] / @e[type=...,tag=...,limit=1] as appropriate. (selector_distance_sort)
     1 |  $loot give @p[tag=spiced.interact_mortar_and_pestle,distance=..20] loot {\
       :             ^^^^^^^^^^^^^^^^^^^^^^^^^^^^^^^^^^^^^^^^^^^^^^^^^^^^^^^
     2 |    "pools": [\
Notes:
  - Function: spiced:mortar_and_pestle/item/item_macro
WARNING  @p sorts candidates by distance. Confirm the nearest target is actually required. If ordering does not matter, add sort=arbitrary or use @a[limit=1] / @e[type=...,tag=...,limit=1] as appropriate. (selector_distance_sort)
     6 |  
     7 |  $loot give @p[tag=spiced.interact_mixing_bowl,distance=..20] loot {\
       :             ^^^^^^^^^^^^^^^^^^^^^^^^^^^^^^^^^^^^^^^^^^^^^^^^^
     8 |    "pools": [\
Notes:
  - Function: spiced:mixing_bowl/item/item_macro_components
WARNING  @p sorts candidates by distance. Confirm the nearest target is actually required. If ordering does not matter, add sort=arbitrary or use @a[limit=1] / @e[type=...,tag=...,limit=1] as appropriate. (selector_distance_sort)
     6 |  
     7 |  $clear @p[tag=spiced.interact_mortar_and_pestle,distance=..20] $(id)[minecraft:custom_data=$(custom_data)] $(count)
       :         ^^^^^^^^^^^^^^^^^^^^^^^^^^^^^^^^^^^^^^^^^^^^^^^^^^^^^^^
Notes:
  - Function: spiced:mortar_and_pestle/repeat/remove/macro_component
WARNING  @p sorts candidates by distance. Confirm the nearest target is actually required. If ordering does not matter, add sort=arbitrary or use @a[limit=1] / @e[type=...,tag=...,limit=1] as appropriate. (selector_distance_sort)
     1 |  $loot give @p[tag=spiced.interact_mortar_and_pestle,distance=..20] loot {\
       :             ^^^^^^^^^^^^^^^^^^^^^^^^^^^^^^^^^^^^^^^^^^^^^^^^^^^^^^^
     2 |    "pools": [\
Notes:
  - Function: spiced:mortar_and_pestle/item/item_macro_components
WARNING  @p sorts candidates by distance. Confirm the nearest target is actually required. If ordering does not matter, add sort=arbitrary or use @a[limit=1] / @e[type=...,tag=...,limit=1] as appropriate. (selector_distance_sort)
     6 |  
     7 |  $clear @p[tag=spiced.interact_mortar_and_pestle,distance=..20] $(id) $(count)
       :         ^^^^^^^^^^^^^^^^^^^^^^^^^^^^^^^^^^^^^^^^^^^^^^^^^^^^^^^
Notes:
  - Function: spiced:mortar_and_pestle/repeat/remove/macro_no_component
WARNING  @p sorts candidates by distance. Confirm the nearest target is actually required. If ordering does not matter, add sort=arbitrary or use @a[limit=1] / @e[type=...,tag=...,limit=1] as appropriate. (selector_distance_sort)
     6 |  
     7 |  $loot give @p[tag=spiced.interact_cutting_board,distance=..20] loot {\
       :             ^^^^^^^^^^^^^^^^^^^^^^^^^^^^^^^^^^^^^^^^^^^^^^^^^^^
     8 |    "pools": [\
Notes:
  - Function: spiced:cutting_board/item/item_macro
WARNING  @p sorts candidates by distance. Confirm the nearest target is actually required. If ordering does not matter, add sort=arbitrary or use @a[limit=1] / @e[type=...,tag=...,limit=1] as appropriate. (selector_distance_sort)
     1 |  playsound minecraft:entity.item.pickup player @s ~ ~ ~ 0.5 1
     2 |  $loot give @p[tag=spiced.interact_cutting_board,distance=..20] loot $(loot_table)
       :             ^^^^^^^^^^^^^^^^^^^^^^^^^^^^^^^^^^^^^^^^^^^^^^^^^^^
Notes:
  - Function: spiced:cutting_board/recipes/give_result
WARNING  @p sorts candidates by distance. Confirm the nearest target is actually required. If ordering does not matter, add sort=arbitrary or use @a[limit=1] / @e[type=...,tag=...,limit=1] as appropriate. (selector_distance_sort)
     6 |  
     7 |  $loot give @p[tag=spiced.interact_cutting_board,distance=..20] loot {\
       :             ^^^^^^^^^^^^^^^^^^^^^^^^^^^^^^^^^^^^^^^^^^^^^^^^^^^
     8 |    "pools": [\
Notes:
  - Function: spiced:cutting_board/item/item_macro_components
WARNING  @p sorts candidates by distance. Confirm the nearest target is actually required. If ordering does not matter, add sort=arbitrary or use @a[limit=1] / @e[type=...,tag=...,limit=1] as appropriate. (selector_distance_sort)
     6 |  
     7 |  $execute store result score $item_count spiced.dummy run clear @p[tag=spiced.interact_mortar_and_pestle,distance=..20] $(id)[minecraft:custom_data=$(custom_data)] 0
       :                                                                 ^^^^^^^^^^^^^^^^^^^^^^^^^^^^^^^^^^^^^^^^^^^^^^^^^^^^^^^
     8 |  execute if score $count spiced.dummy > $item_count spiced.dummy run scoreboard players set $items_found spiced.dummy 0
Notes:
  - Function: spiced:mortar_and_pestle/repeat/check/macro_component
BUILD  Loading booth files...
BUILD    Loading booth spiced...
BUILD      Loading datapack...
BUILD      Loading resource pack...
BUILD      Loading schematic...
ERROR  Skipped sticker spiced/spiced_booth: texture not found
       Texture: spiced:sticker/spiced_booth
ERROR  Skipped sticker spiced/huntsman_pie: texture not found
       Texture: spiced:sticker/huntsman_pie
ERROR  Skipped sticker spiced/lettuce_line: texture not found
       Texture: spiced:sticker/lettuce_line
ERROR  Skipped sticker spiced/c4t_talking: texture not found
       Texture: spiced:sticker/c4t_talking
WARN   Skipped sticker book entry for spiced: no valid stickers
WARN   Balloon references a missing model
       Model: spiced:item/spiced_balloon
