Loading booth files...
  Loading booth aj_booth...
    Loading datapack...
    Loading resourcepack...
    Loading schematic...
WARNING, command block in schematic aj_booth at location [-2, 75, 227]. Command:
`say hello`
WARNING, command block in schematic aj_booth at location [-30, 84, 198]. 
Command: `function vrs:darkride/shooting/tick`
WARNING, command block in schematic aj_booth at location [-17, 88, 174]. 
Command: `function vrs:coaster/tick`
WARNING, command block in schematic aj_booth at location [-17, 88, 176]. 
Command: `/function vrs:coaster/opco/dispatch`
WARNING, command block in schematic aj_booth at location [-10, 88, 176]. 
Command: `execute as @e at @s run particle cloud ^ ^1.6 ^1.24 0 1 0 0.05 0 
force`
WARNING, command block in schematic aj_booth at location [-17, 88, 178]. 
Command: `execute as @e at @s run particle poof ^ ^1.6 ^1.24 0 1 0 0.05 0 force`
WARNING, command block in schematic aj_booth at location [-10, 88, 178]. 
Command: `execute as @e at @s run particle white_smoke ^ ^1.6 ^1.24 0 1 0 0.05 0
force`
WARNING, command block in schematic aj_booth at location [-17, 88, 180]. 
Command: `execute as @e at @s run particle minecraft:campfire_cosy_smoke{size:4}
^ ^1.4 ^1.24 0 1 0 0.03 0 force`
WARNING, command block in schematic aj_booth at location [-10, 88, 180]. 
Command: `execute as @e at @s run particle dust_plume ^ ^1.4 ^1.2 0 0.1 0 1 0 
force`
WARNING, command block in schematic aj_booth at location [-17, 89, 162]. 
Command: `data modify entity 68e91183-69ce-40bb-b1ec-63a527569b77 text set value
["",{text:"Physics? 
",color:"white"},{text:"accurate.",color:"green"},{text:"\n"},{text:"Dispatch? 
",color:"white"},{text:"autonomous.",color:"green"},{text:"\n"},{text:"Fun? 
",color:"white"},{text:"guaranteed.",color:"green"},{text:"\n"},{text:"\n"},{tex
t:"Wanna take a ride?",color:"white"},{text:"\n"},{text:"Just take a 
seat!",color:"white"}]`
WARNING, command block in schematic aj_booth at location [-10, 89, 176]. 
Command: `execute as @e at @s run particle white_smoke ^ ^1.3 ^1.24 0 1 0 0.035 
0 force`
WARNING, command block in schematic aj_booth at location [-17, 89, 178]. 
Command: `execute as @e at @s run particle white_smoke ^ ^1.6 ^1.24 0 1 0 0.05 0
force`
Error: The following block/item textures are not multiples of 16 pixels:
Resize or pad each listed texture so both width and height are multiples of 16. 
Animated textures may be taller than they are wide, but the full image still 
needs 16px-grid dimensions.
- aj_booth:blueprint/renders/broke_text
    256x99
- aj_booth:blueprint/renders/broke_text2
    59x31
- aj_booth:blueprint/renders/tps_text
    256x93

